2025-05-23T17:07:25.9300436Z Current runner version: '2.324.0'
2025-05-23T17:07:25.9326734Z ##[group]Runner Image Provisioner
2025-05-23T17:07:25.9328080Z Hosted Compute Agent
2025-05-23T17:07:25.9328744Z Version: 20250508.323
2025-05-23T17:07:25.9329512Z Commit: 81b259f29879f73b4213d199e42d8c3465dae986
2025-05-23T17:07:25.9330310Z Build Date: 2025-05-08T19:40:08Z
2025-05-23T17:07:25.9331062Z ##[endgroup]
2025-05-23T17:07:25.9331817Z ##[group]Operating System
2025-05-23T17:07:25.9332523Z Ubuntu
2025-05-23T17:07:25.9333159Z 24.04.2
2025-05-23T17:07:25.9333855Z LTS
2025-05-23T17:07:25.9334448Z ##[endgroup]
2025-05-23T17:07:25.9335155Z ##[group]Runner Image
2025-05-23T17:07:25.9335934Z Image: ***-24.04
2025-05-23T17:07:25.9336626Z Version: 20250511.1.0
2025-05-23T17:07:25.9338048Z Included Software: https://github.com/actions/runner-images/blob/***24/20250511.1/images/***/Ubuntu2404-Readme.md
2025-05-23T17:07:25.9339571Z Image Release: https://github.com/actions/runner-images/releases/tag/***24%2F20250511.1
2025-05-23T17:07:25.9340761Z ##[endgroup]
2025-05-23T17:07:25.9342251Z ##[group]GITHUB_TOKEN Permissions
2025-05-23T17:07:25.9344334Z Contents: read
2025-05-23T17:07:25.9345017Z Metadata: read
2025-05-23T17:07:25.9345638Z Packages: read
2025-05-23T17:07:25.9346344Z ##[endgroup]
2025-05-23T17:07:25.9350131Z Secret source: Actions
2025-05-23T17:07:25.9351264Z Prepare workflow directory
2025-05-23T17:07:25.9743834Z Prepare all required actions
2025-05-23T17:07:25.9781229Z Getting action download info
2025-05-23T17:07:26.2177718Z ##[group]Download immutable action package 'actions/checkout@v4'
2025-05-23T17:07:26.2178971Z Version: 4.2.2
2025-05-23T17:07:26.2180185Z Digest: sha256:ccb2698953eaebd21c7bf6268a94f9c26518a7e38e27e0b83c1fe1ad049819b1
2025-05-23T17:07:26.2181449Z Source commit SHA: 11bd71901bbe5b1630ceea73d27597364c9af683
2025-05-23T17:07:26.2182299Z ##[endgroup]
2025-05-23T17:07:26.2869141Z Download action repository 'aws-actions/configure-aws-credentials@v4' (SHA:e3dd6a429d7300a6a4c196c26e071d42e0343502)
2025-05-23T17:07:26.8190218Z Complete job name: deploy
2025-05-23T17:07:26.8911819Z ##[group]Run actions/checkout@v4
2025-05-23T17:07:26.8912752Z with:
2025-05-23T17:07:26.8913263Z   repository: jrysztv/ratelimiter
2025-05-23T17:07:26.8914030Z   token: ***
2025-05-23T17:07:26.8914522Z   ssh-strict: true
2025-05-23T17:07:26.8915014Z   ssh-user: git
2025-05-23T17:07:26.8915533Z   persist-credentials: true
2025-05-23T17:07:26.8916090Z   clean: true
2025-05-23T17:07:26.8916611Z   sparse-checkout-cone-mode: true
2025-05-23T17:07:26.8917393Z   fetch-depth: 1
2025-05-23T17:07:26.8917886Z   fetch-tags: false
2025-05-23T17:07:26.8918401Z   show-progress: true
2025-05-23T17:07:26.8918909Z   lfs: false
2025-05-23T17:07:26.8919385Z   submodules: false
2025-05-23T17:07:26.8919893Z   set-safe-directory: true
2025-05-23T17:07:26.8920674Z env:
2025-05-23T17:07:26.8921161Z   PYTHON_VERSION: 3.11
2025-05-23T17:07:26.8921686Z   POETRY_VERSION: 1.8.0
2025-05-23T17:07:26.8922214Z ##[endgroup]
2025-05-23T17:07:27.0239151Z Syncing repository: jrysztv/ratelimiter
2025-05-23T17:07:27.0242515Z ##[group]Getting Git version info
2025-05-23T17:07:27.0243404Z Working directory is '/home/runner/work/ratelimiter/ratelimiter'
2025-05-23T17:07:27.0244658Z [command]/usr/bin/git version
2025-05-23T17:07:27.0263634Z git version 2.49.0
2025-05-23T17:07:27.0292878Z ##[endgroup]
2025-05-23T17:07:27.0311108Z Temporarily overriding HOME='/home/runner/work/_temp/69013231-2cce-42f0-a9fb-471a1ba264a5' before making global git config changes
2025-05-23T17:07:27.0313673Z Adding repository directory to the temporary git global config as a safe directory
2025-05-23T17:07:27.0319474Z [command]/usr/bin/git config --global --add safe.directory /home/runner/work/ratelimiter/ratelimiter
2025-05-23T17:07:27.0361402Z Deleting the contents of '/home/runner/work/ratelimiter/ratelimiter'
2025-05-23T17:07:27.0368091Z ##[group]Initializing the repository
2025-05-23T17:07:27.0369716Z [command]/usr/bin/git init /home/runner/work/ratelimiter/ratelimiter
2025-05-23T17:07:27.0439351Z hint: Using 'master' as the name for the initial branch. This default branch name
2025-05-23T17:07:27.0441400Z hint: is subject to change. To configure the initial branch name to use in all
2025-05-23T17:07:27.0442911Z hint: of your new repositories, which will suppress this warning, call:
2025-05-23T17:07:27.0443696Z hint:
2025-05-23T17:07:27.0444295Z hint: 	git config --global init.defaultBranch <name>
2025-05-23T17:07:27.0444977Z hint:
2025-05-23T17:07:27.0445620Z hint: Names commonly chosen instead of 'master' are 'main', 'trunk' and
2025-05-23T17:07:27.0446985Z hint: 'development'. The just-created branch can be renamed via this command:
2025-05-23T17:07:27.0448204Z hint:
2025-05-23T17:07:27.0448704Z hint: 	git branch -m <name>
2025-05-23T17:07:27.0449564Z Initialized empty Git repository in /home/runner/work/ratelimiter/ratelimiter/.git/
2025-05-23T17:07:27.0453291Z [command]/usr/bin/git remote add origin https://github.com/jrysztv/ratelimiter
2025-05-23T17:07:27.0489661Z ##[endgroup]
2025-05-23T17:07:27.0490776Z ##[group]Disabling automatic garbage collection
2025-05-23T17:07:27.0494291Z [command]/usr/bin/git config --local gc.auto 0
2025-05-23T17:07:27.0527564Z ##[endgroup]
2025-05-23T17:07:27.0528443Z ##[group]Setting up auth
2025-05-23T17:07:27.0535886Z [command]/usr/bin/git config --local --name-only --get-regexp core\.sshCommand
2025-05-23T17:07:27.0572359Z [command]/usr/bin/git submodule foreach --recursive sh -c "git config --local --name-only --get-regexp 'core\.sshCommand' && git config --local --unset-all 'core.sshCommand' || :"
2025-05-23T17:07:27.0848552Z [command]/usr/bin/git config --local --name-only --get-regexp http\.https\:\/\/github\.com\/\.extraheader
2025-05-23T17:07:27.0881739Z [command]/usr/bin/git submodule foreach --recursive sh -c "git config --local --name-only --get-regexp 'http\.https\:\/\/github\.com\/\.extraheader' && git config --local --unset-all 'http.https://github.com/.extraheader' || :"
2025-05-23T17:07:27.1123088Z [command]/usr/bin/git config --local http.https://github.com/.extraheader AUTHORIZATION: basic ***
2025-05-23T17:07:27.1161742Z ##[endgroup]
2025-05-23T17:07:27.1163357Z ##[group]Fetching the repository
2025-05-23T17:07:27.1172047Z [command]/usr/bin/git -c protocol.version=2 fetch --no-tags --prune --no-recurse-submodules --depth=1 origin +a9c52d8fcf185756ad8cce2ff85069afc6575bdd:refs/remotes/origin/main
2025-05-23T17:07:27.7860256Z From https://github.com/jrysztv/ratelimiter
2025-05-23T17:07:27.7862073Z  * [new ref]         a9c52d8fcf185756ad8cce2ff85069afc6575bdd -> origin/main
2025-05-23T17:07:27.7887779Z ##[endgroup]
2025-05-23T17:07:27.7889304Z ##[group]Determining the checkout info
2025-05-23T17:07:27.7890974Z ##[endgroup]
2025-05-23T17:07:27.7981888Z [command]/usr/bin/git sparse-checkout disable
2025-05-23T17:07:27.7985012Z [command]/usr/bin/git config --local --unset-all extensions.worktreeConfig
2025-05-23T17:07:27.7989186Z ##[group]Checking out the ref
2025-05-23T17:07:27.7990736Z [command]/usr/bin/git checkout --progress --force -B main refs/remotes/origin/main
2025-05-23T17:07:27.8198182Z Switched to a new branch 'main'
2025-05-23T17:07:27.8199478Z branch 'main' set up to track 'origin/main'.
2025-05-23T17:07:27.8206900Z ##[endgroup]
2025-05-23T17:07:27.8248416Z [command]/usr/bin/git log -1 --format=%H
2025-05-23T17:07:27.8274256Z a9c52d8fcf185756ad8cce2ff85069afc6575bdd
2025-05-23T17:07:27.8536083Z ##[group]Run aws-actions/configure-aws-credentials@v4
2025-05-23T17:07:27.8536928Z with:
2025-05-23T17:07:27.8537809Z   aws-access-key-id: ***
2025-05-23T17:07:27.8538652Z   aws-secret-access-key: ***
2025-05-23T17:07:27.8539262Z   aws-region: ***
2025-05-23T17:07:27.8539794Z   audience: sts.amazonaws.com
2025-05-23T17:07:27.8540371Z env:
2025-05-23T17:07:27.8540822Z   PYTHON_VERSION: 3.11
2025-05-23T17:07:27.8541373Z   POETRY_VERSION: 1.8.0
2025-05-23T17:07:27.8541905Z ##[endgroup]
2025-05-23T17:07:28.4699431Z Proceeding with IAM user credentials
2025-05-23T17:07:28.4854284Z ##[group]Run # Get the current public IP of the GitHub Actions runner
2025-05-23T17:07:28.4856502Z [36;1m# Get the current public IP of the GitHub Actions runner[0m
2025-05-23T17:07:28.4859067Z [36;1mRUNNER_IP=$(curl -s https://checkip.amazonaws.com)[0m
2025-05-23T17:07:28.4860775Z [36;1mecho "Runner IP: $RUNNER_IP"[0m
2025-05-23T17:07:28.4862313Z [36;1mecho "runner-ip=$RUNNER_IP" >> $GITHUB_OUTPUT[0m
2025-05-23T17:07:28.4863816Z [36;1m[0m
2025-05-23T17:07:28.4864918Z [36;1m# Add SSH rule for current runner IP[0m
2025-05-23T17:07:28.4866523Z [36;1maws ec2 authorize-security-group-ingress \[0m
2025-05-23T17:07:28.4868805Z [36;1m  --group-id *** \[0m
2025-05-23T17:07:28.4870091Z [36;1m  --protocol tcp \[0m
2025-05-23T17:07:28.4871311Z [36;1m  --port 22 \[0m
2025-05-23T17:07:28.4872501Z [36;1m  --cidr ${RUNNER_IP}/32 \[0m
2025-05-23T17:07:28.4875822Z [36;1m  --tag-specifications 'ResourceType=security-group-rule,Tags=[{Key=Name,Value=github-actions-temp},{Key=CreatedBy,Value=github-actions}]' || echo "Rule may already exist"[0m
2025-05-23T17:07:28.4879312Z [36;1m[0m
2025-05-23T17:07:28.4880547Z [36;1mecho "✅ Added SSH access for IP: ${RUNNER_IP}/32"[0m
2025-05-23T17:07:28.5034343Z shell: /usr/bin/bash -e {0}
2025-05-23T17:07:28.5035567Z env:
2025-05-23T17:07:28.5036553Z   PYTHON_VERSION: 3.11
2025-05-23T17:07:28.5037942Z   POETRY_VERSION: 1.8.0
2025-05-23T17:07:28.5039278Z   AWS_DEFAULT_REGION: ***
2025-05-23T17:07:28.5040502Z   AWS_REGION: ***
2025-05-23T17:07:28.5041689Z   AWS_ACCESS_KEY_ID: ***
2025-05-23T17:07:28.5043234Z   AWS_SECRET_ACCESS_KEY: ***
2025-05-23T17:07:28.5044417Z ##[endgroup]
2025-05-23T17:07:28.6963396Z Runner IP: 135.119.66.156
2025-05-23T17:07:34.4091318Z {
2025-05-23T17:07:34.4092526Z     "Return": true,
2025-05-23T17:07:34.4093228Z     "SecurityGroupRules": [
2025-05-23T17:07:34.4094476Z         {
2025-05-23T17:07:34.4095021Z             "SecurityGroupRuleId": "sgr-04cec3053bec89e45",
2025-05-23T17:07:34.4095840Z             "GroupId": "***",
2025-05-23T17:07:34.4096446Z             "GroupOwnerId": "841162696091",
2025-05-23T17:07:34.4097135Z             "IsEgress": false,
2025-05-23T17:07:34.4097948Z             "IpProtocol": "tcp",
2025-05-23T17:07:34.4098450Z             "FromPort": 22,
2025-05-23T17:07:34.4098900Z             "ToPort": 22,
2025-05-23T17:07:34.4099389Z             "CidrIpv4": "135.119.66.156/32",
2025-05-23T17:07:34.4099953Z             "Tags": [
2025-05-23T17:07:34.4100355Z                 {
2025-05-23T17:07:34.4100807Z                     "Key": "CreatedBy",
2025-05-23T17:07:34.4101397Z                     "Value": "github-actions"
2025-05-23T17:07:34.4101957Z                 },
2025-05-23T17:07:34.4102383Z                 {
2025-05-23T17:07:34.4102802Z                     "Key": "Name",
2025-05-23T17:07:34.4103346Z                     "Value": "github-actions-temp"
2025-05-23T17:07:34.4103870Z                 }
2025-05-23T17:07:34.4104319Z             ],
2025-05-23T17:07:34.4105209Z             "SecurityGroupRuleArn": "arn:aws:ec2:***:841162696091:security-group-rule/sgr-04cec3053bec89e45"
2025-05-23T17:07:34.4106129Z         }
2025-05-23T17:07:34.4108390Z     ]
2025-05-23T17:07:34.4108663Z }
2025-05-23T17:07:34.5422523Z ✅ Added SSH access for IP: 135.119.66.156/32
2025-05-23T17:07:34.5475087Z ##[group]Run mkdir -p ~/.ssh
2025-05-23T17:07:34.5475476Z [36;1mmkdir -p ~/.ssh[0m
2025-05-23T17:07:34.5475786Z [36;1m# Decode base64 SSH key safely[0m
2025-05-23T17:07:34.5519308Z [36;1mprintf "%s" "***" | base64 -d > ~/.ssh/id_rsa[0m
2025-05-23T17:07:34.5519662Z [36;1mchmod 600 ~/.ssh/id_rsa[0m
2025-05-23T17:07:34.5519911Z [36;1m[0m
2025-05-23T17:07:34.5520226Z [36;1m# Add host to known_hosts (don't fail if host is temporarily unreachable)[0m
2025-05-23T17:07:34.5520710Z [36;1mssh-keyscan -H *** >> ~/.ssh/known_hosts || true[0m
2025-05-23T17:07:34.5521015Z [36;1m[0m
2025-05-23T17:07:34.5521226Z [36;1m# Verify SSH key format[0m
2025-05-23T17:07:34.5521498Z [36;1mssh-keygen -l -f ~/.ssh/id_rsa[0m
2025-05-23T17:07:34.5574121Z shell: /usr/bin/bash -e {0}
2025-05-23T17:07:34.5574390Z env:
2025-05-23T17:07:34.5574603Z   PYTHON_VERSION: 3.11
2025-05-23T17:07:34.5575017Z   POETRY_VERSION: 1.8.0
2025-05-23T17:07:34.5575308Z   AWS_DEFAULT_REGION: ***
2025-05-23T17:07:34.5575587Z   AWS_REGION: ***
2025-05-23T17:07:34.5575833Z   AWS_ACCESS_KEY_ID: ***
2025-05-23T17:07:34.5576178Z   AWS_SECRET_ACCESS_KEY: ***
2025-05-23T17:07:34.5576416Z ##[endgroup]
2025-05-23T17:07:34.8485595Z # ***:22 SSH-2.0-OpenSSH_8.9p1 Ubuntu-3***0.13
2025-05-23T17:07:35.2051812Z # ***:22 SSH-2.0-OpenSSH_8.9p1 Ubuntu-3***0.13
2025-05-23T17:07:35.5563354Z # ***:22 SSH-2.0-OpenSSH_8.9p1 Ubuntu-3***0.13
2025-05-23T17:07:35.9098458Z # ***:22 SSH-2.0-OpenSSH_8.9p1 Ubuntu-3***0.13
2025-05-23T17:07:36.0118374Z # ***:22 SSH-2.0-OpenSSH_8.9p1 Ubuntu-3***0.13
2025-05-23T17:07:36.1176483Z 2048 SHA256:Uy7YSs5HRywQBFKigTxg6VknL7vTgm+pE7sztYwwaWE no comment (RSA)
2025-05-23T17:07:36.1208805Z ##[group]Run ssh -o StrictHostKeyChecking=no ***@*** << 'EOF'
2025-05-23T17:07:36.1209390Z [36;1mssh -o StrictHostKeyChecking=no ***@*** << 'EOF'[0m
2025-05-23T17:07:36.1209713Z [36;1m  set -e[0m
2025-05-23T17:07:36.1209946Z [36;1m  [0m
2025-05-23T17:07:36.1210175Z [36;1m  # Navigate to application directory[0m
2025-05-23T17:07:36.1210495Z [36;1m  cd ***[0m
2025-05-23T17:07:36.1210705Z [36;1m  [0m
2025-05-23T17:07:36.1210915Z [36;1m  # Pull latest changes[0m
2025-05-23T17:07:36.1211179Z [36;1m  git pull origin main[0m
2025-05-23T17:07:36.1211421Z [36;1m  [0m
2025-05-23T17:07:36.1211655Z [36;1m  # Stop existing containers gracefully[0m
2025-05-23T17:07:36.1212085Z [36;1m  docker-compose -f docker-compose.prod-nginx.yml down --timeout 30 || true[0m
2025-05-23T17:07:36.1212480Z [36;1m  [0m
2025-05-23T17:07:36.1212701Z [36;1m  # Remove old images to free space[0m
2025-05-23T17:07:36.1213002Z [36;1m  docker image prune -f || true[0m
2025-05-23T17:07:36.1213309Z [36;1m  [0m
2025-05-23T17:07:36.1213553Z [36;1m  # Build and start new containers with Nginx[0m
2025-05-23T17:07:36.1213959Z [36;1m  docker-compose -f docker-compose.prod-nginx.yml build --no-cache[0m
2025-05-23T17:07:36.1214419Z [36;1m  docker-compose -f docker-compose.prod-nginx.yml up -d[0m
2025-05-23T17:07:36.1214752Z [36;1m  [0m
2025-05-23T17:07:36.1214964Z [36;1m  # Wait for services to be healthy[0m
2025-05-23T17:07:36.1215247Z [36;1m  sleep 45[0m
2025-05-23T17:07:36.1215453Z [36;1m  [0m
2025-05-23T17:07:36.1215741Z [36;1m  # Verify deployment with retries (checking port 80 through Nginx)[0m
2025-05-23T17:07:36.1216115Z [36;1m  SUCCESS=false[0m
2025-05-23T17:07:36.1216349Z [36;1m  for i in {1..5}; do[0m
2025-05-23T17:07:36.1216611Z [36;1m    echo "Health check attempt $i..."[0m
2025-05-23T17:07:36.1216983Z [36;1m    if curl -f -s http://localhost/health > /dev/null 2>&1; then[0m
2025-05-23T17:07:36.1217583Z [36;1m      echo "✅ Health check passed!"[0m
2025-05-23T17:07:36.1217969Z [36;1m      # Use a safer approach for displaying the health check response[0m
2025-05-23T17:07:36.1218364Z [36;1m      set +e  # Temporarily disable exit on error[0m
2025-05-23T17:07:36.1218755Z [36;1m      HEALTH_RESPONSE=$(curl -s http://localhost/health 2>/dev/null)[0m
2025-05-23T17:07:36.1219130Z [36;1m      CURL_EXIT_CODE=$?[0m
2025-05-23T17:07:36.1219399Z [36;1m      set -e  # Re-enable exit on error[0m
2025-05-23T17:07:36.1219682Z [36;1m      [0m
2025-05-23T17:07:36.1219964Z [36;1m      if [ $CURL_EXIT_CODE -eq 0 ] && [ ! -z "$HEALTH_RESPONSE" ]; then[0m
2025-05-23T17:07:36.1220314Z [36;1m        echo "$HEALTH_RESPONSE"[0m
2025-05-23T17:07:36.1220573Z [36;1m      else[0m
2025-05-23T17:07:36.1220868Z [36;1m        echo '{"status":"healthy","note":"response_display_failed"}'[0m
2025-05-23T17:07:36.1221199Z [36;1m      fi[0m
2025-05-23T17:07:36.1221397Z [36;1m      [0m
2025-05-23T17:07:36.1221605Z [36;1m      echo ""[0m
2025-05-23T17:07:36.1221879Z [36;1m      echo "✅ Deployment completed successfully!"[0m
2025-05-23T17:07:36.1222187Z [36;1m      SUCCESS=true[0m
2025-05-23T17:07:36.1222424Z [36;1m      break[0m
2025-05-23T17:07:36.1222629Z [36;1m    fi[0m
2025-05-23T17:07:36.1222921Z [36;1m    echo "Health check attempt $i failed, retrying in 10 seconds..."[0m
2025-05-23T17:07:36.1223458Z [36;1m    sleep 10[0m
2025-05-23T17:07:36.1223673Z [36;1m  done[0m
2025-05-23T17:07:36.1223863Z [36;1m  [0m
2025-05-23T17:07:36.1224074Z [36;1m  if [ "$SUCCESS" = true ]; then[0m
2025-05-23T17:07:36.1224387Z [36;1m    echo "🎉 Application is running successfully!"[0m
2025-05-23T17:07:36.1224726Z [36;1m    exit 0[0m
2025-05-23T17:07:36.1224933Z [36;1m  else[0m
2025-05-23T17:07:36.1225208Z [36;1m    echo "❌ Deployment verification failed after 5 attempts!"[0m
2025-05-23T17:07:36.1225555Z [36;1m    echo "Container logs:"[0m
2025-05-23T17:07:36.1225929Z [36;1m    docker-compose -f docker-compose.prod-nginx.yml logs --tail=50[0m
2025-05-23T17:07:36.1226451Z [36;1m    exit 1[0m
2025-05-23T17:07:36.1226658Z [36;1m  fi[0m
2025-05-23T17:07:36.1226855Z [36;1mEOF[0m
2025-05-23T17:07:36.1278265Z shell: /usr/bin/bash -e {0}
2025-05-23T17:07:36.1278540Z env:
2025-05-23T17:07:36.1278747Z   PYTHON_VERSION: 3.11
2025-05-23T17:07:36.1279020Z   POETRY_VERSION: 1.8.0
2025-05-23T17:07:36.1279359Z   AWS_DEFAULT_REGION: ***
2025-05-23T17:07:36.1279623Z   AWS_REGION: ***
2025-05-23T17:07:36.1279907Z   AWS_ACCESS_KEY_ID: ***
2025-05-23T17:07:36.1280233Z   AWS_SECRET_ACCESS_KEY: ***
2025-05-23T17:07:36.1280472Z ##[endgroup]
2025-05-23T17:07:36.2052110Z Pseudo-terminal will not be allocated because stdin is not a terminal.
2025-05-23T17:07:38.3341858Z Welcome to Ubuntu 22.04.5 LTS (GNU/Linux 6.8.0-1029-aws x86_64)
2025-05-23T17:07:38.3342468Z 
2025-05-23T17:07:38.3343183Z  * Documentation:  https://help.***.com
2025-05-23T17:07:38.3343690Z  * Management:     https://landscape.canonical.com
2025-05-23T17:07:38.3344164Z  * Support:        https://***.com/pro
2025-05-23T17:07:38.3344445Z 
2025-05-23T17:07:38.3344629Z  System information as of Fri May 23 17:07:37 UTC 2025
2025-05-23T17:07:38.3344975Z 
2025-05-23T17:07:38.3345159Z   System load:  0.1               Processes:             115
2025-05-23T17:07:38.3345638Z   Usage of /:   72.1% of 7.57GB   Users logged in:       0
2025-05-23T17:07:38.3346144Z   Memory usage: 45%               IPv4 address for eth0: 172.31.33.93
2025-05-23T17:07:38.3346572Z   Swap usage:   0%
2025-05-23T17:07:38.3346742Z 
2025-05-23T17:07:38.3346984Z  * Ubuntu Pro delivers the most comprehensive open source security and
2025-05-23T17:07:38.3347646Z    compliance features.
2025-05-23T17:07:38.3347833Z 
2025-05-23T17:07:38.3347987Z    https://***.com/aws/pro
2025-05-23T17:07:38.3348187Z 
2025-05-23T17:07:38.3348412Z Expanded Security Maintenance for Applications is not enabled.
2025-05-23T17:07:38.3348770Z 
2025-05-23T17:07:38.3348904Z 0 updates can be applied immediately.
2025-05-23T17:07:38.3349143Z 
2025-05-23T17:07:38.3349356Z Enable ESM Apps to receive additional future security updates.
2025-05-23T17:07:38.3349849Z See https://***.com/esm or run: sudo pro status
2025-05-23T17:07:38.3350121Z 
2025-05-23T17:07:38.3350254Z New release '24.04.2 LTS' available.
2025-05-23T17:07:38.3350620Z Run 'do-release-upgrade' to upgrade to it.
2025-05-23T17:07:38.3350881Z 
2025-05-23T17:07:38.3350885Z 
2025-05-23T17:07:38.9081050Z From https://github.com/jrysztv/ratelimiter
2025-05-23T17:07:38.9081656Z  * branch            main       -> FETCH_HEAD
2025-05-23T17:07:38.9134252Z    0366d00..a9c52d8  main       -> origin/main
2025-05-23T17:07:38.9304276Z Updating 0366d00..a9c52d8
2025-05-23T17:07:38.9304959Z Fast-forward
2025-05-23T17:07:38.9318667Z  .github/workflows/main.yml          | 13 +++++++++-
2025-05-23T17:07:38.9319604Z  tests/unit/test_geoip_enrichment.py | 37 ++++++++++++++++++++++++++++
2025-05-23T17:07:38.9320228Z  tests/unit/test_weather_request.py  | 48 +++++++++++++++++++++++++++++++++++++
2025-05-23T17:07:38.9320803Z  3 files changed, 97 insertions(+), 1 deletion(-)
2025-05-23T17:07:38.9321277Z  create mode 100644 tests/unit/test_geoip_enrichment.py
2025-05-23T17:07:38.9321750Z  create mode 100644 tests/unit/test_weather_request.py
2025-05-23T17:07:38.9740707Z time="2025-05-23T17:07:38Z" level=warning msg="***/docker-compose.prod-nginx.yml: the attribute `version` is obsolete, it will be ignored, please remove it to avoid potential confusion"
2025-05-23T17:07:38.9786494Z  Container ratelimiter-nginx-1  Stopping
2025-05-23T17:07:39.1653622Z  Container ratelimiter-nginx-1  Stopped
2025-05-23T17:07:39.1654282Z  Container ratelimiter-nginx-1  Removing
2025-05-23T17:07:39.2088616Z  Container ratelimiter-nginx-1  Removed
2025-05-23T17:07:39.2089181Z  Container ratelimiter-app-1  Stopping
2025-05-23T17:07:39.5735916Z  Container ratelimiter-app-1  Stopped
2025-05-23T17:07:39.5736478Z  Container ratelimiter-app-1  Removing
2025-05-23T17:07:39.5902623Z  Container ratelimiter-app-1  Removed
2025-05-23T17:07:39.5903129Z  Container ratelimiter-redis-1  Stopping
2025-05-23T17:07:39.7811965Z  Container ratelimiter-redis-1  Stopped
2025-05-23T17:07:39.7812540Z  Container ratelimiter-redis-1  Removing
2025-05-23T17:07:39.7956245Z  Container ratelimiter-redis-1  Removed
2025-05-23T17:07:39.7966677Z  Network ratelimiter_default  Removing
2025-05-23T17:07:39.8665813Z  Network ratelimiter_default  Removed
2025-05-23T17:07:40.1010288Z Deleted Images:
2025-05-23T17:07:40.1011274Z deleted: sha256:8ef8a42895b71595547b3d9da83778cb7b2b1bbabcdc4d21b3331001472cb22f
2025-05-23T17:07:40.1011867Z 
2025-05-23T17:07:40.1012041Z Total reclaimed space: 0B
2025-05-23T17:07:40.1456536Z time="2025-05-23T17:07:40Z" level=warning msg="***/docker-compose.prod-nginx.yml: the attribute `version` is obsolete, it will be ignored, please remove it to avoid potential confusion"
2025-05-23T17:07:40.1536285Z Compose can now delegate builds to bake for better performance.
2025-05-23T17:07:40.1537449Z  To do so, set COMPOSE_BAKE=true.
2025-05-23T17:07:40.4184072Z #0 building with "default" instance using docker driver
2025-05-23T17:07:40.4184465Z 
2025-05-23T17:07:40.4184625Z #1 [app internal] load build definition from Dockerfile
2025-05-23T17:07:40.4184982Z #1 transferring dockerfile: 1.58kB done
2025-05-23T17:07:40.4185362Z #1 WARN: FromAsCasing: 'as' and 'FROM' keywords' casing do not match (line 2)
2025-05-23T17:07:40.4185849Z #1 WARN: FromAsCasing: 'as' and 'FROM' keywords' casing do not match (line 25)
2025-05-23T17:07:40.4186213Z #1 DONE 0.0s
2025-05-23T17:07:40.4186333Z 
2025-05-23T17:07:40.4186524Z #2 [app internal] load metadata for docker.io/library/python:3.11-slim
2025-05-23T17:07:40.8733509Z #2 DONE 0.6s
2025-05-23T17:07:41.0711024Z 
2025-05-23T17:07:41.0711572Z #3 [app internal] load .dockerignore
2025-05-23T17:07:41.0712227Z #3 transferring context: 2B done
2025-05-23T17:07:41.0712810Z #3 DONE 0.0s
2025-05-23T17:07:41.0713008Z 
2025-05-23T17:07:41.0713654Z #4 [app builder 1/7] FROM docker.io/library/python:3.11-slim@sha256:dbf1de478a55d6763afaa39c2f3d7b54b25230614980276de5cacdde79529d0c
2025-05-23T17:07:41.0714610Z #4 DONE 0.0s
2025-05-23T17:07:41.0714791Z 
2025-05-23T17:07:41.0714983Z #5 [app builder 2/7] WORKDIR /app
2025-05-23T17:07:41.0715377Z #5 CACHED
2025-05-23T17:07:41.0715553Z 
2025-05-23T17:07:41.0715716Z #6 [app internal] load build context
2025-05-23T17:07:41.0716167Z #6 transferring context: 654B done
2025-05-23T17:07:41.0716564Z #6 DONE 0.0s
2025-05-23T17:07:41.0716742Z 
2025-05-23T17:07:41.0717565Z #7 [app builder 3/7] RUN apt-get update && apt-get install -y     curl     build-essential     && rm -rf /var/lib/apt/lists/*
2025-05-23T17:07:41.5146861Z #7 0.616 Get:1 http://deb.debian.org/debian bookworm InRelease [151 kB]
2025-05-23T17:07:41.6702328Z #7 0.637 Get:2 http://deb.debian.org/debian bookworm-updates InRelease [55.4 kB]
2025-05-23T17:07:41.6703288Z #7 0.638 Get:3 http://deb.debian.org/debian-security bookworm-security InRelease [48.0 kB]
2025-05-23T17:07:41.8343656Z #7 0.787 Get:4 http://deb.debian.org/debian bookworm/main amd64 Packages [8793 kB]
2025-05-23T17:07:42.2330126Z #7 1.104 Get:5 http://deb.debian.org/debian bookworm-updates/main amd64 Packages [512 B]
2025-05-23T17:07:42.2331299Z #7 1.186 Get:6 http://deb.debian.org/debian-security bookworm-security/main amd64 Packages [259 kB]
2025-05-23T17:07:44.7034926Z #7 3.656 Fetched 9307 kB in 3s (3044 kB/s)
2025-05-23T17:07:46.1644104Z #7 3.656 Reading package lists...
2025-05-23T17:07:47.3598092Z #7 5.115 Reading package lists...
2025-05-23T17:07:47.9194195Z #7 6.505 Building dependency tree...
2025-05-23T17:07:47.9194772Z #7 6.870 Reading state information...
2025-05-23T17:07:48.3095276Z #7 7.257 The following additional packages will be installed:
2025-05-23T17:07:48.3096121Z #7 7.258   binutils binutils-common binutils-x86-64-linux-gnu bzip2 cpp cpp-12 dirmngr
2025-05-23T17:07:48.3096907Z #7 7.258   dpkg-dev fakeroot fontconfig-config fonts-dejavu-core g++ g++-12 gcc gcc-12
2025-05-23T17:07:48.3098009Z #7 7.258   gnupg gnupg-l10n gnupg-utils gpg gpg-agent gpg-wks-client gpg-wks-server
2025-05-23T17:07:48.3099056Z #7 7.258   gpgconf gpgsm libabsl20220623 libalgorithm-diff-perl
2025-05-23T17:07:48.3099727Z #7 7.258   libalgorithm-diff-xs-perl libalgorithm-merge-perl libaom3 libasan8
2025-05-23T17:07:48.3100506Z #7 7.258   libassuan0 libatomic1 libavif15 libbinutils libbrotli1 libbsd0 libc-dev-bin
2025-05-23T17:07:48.3101292Z #7 7.258   libc-devtools libc6-dev libcc1-0 libcrypt-dev libctf-nobfd0 libctf0 libcurl4
2025-05-23T17:07:48.3102028Z #7 7.258   libdav1d6 libde265-0 libdeflate0 libdpkg-perl libexpat1 libfakeroot
2025-05-23T17:07:48.3102764Z #7 7.258   libfile-fcntllock-perl libfontconfig1 libfreetype6 libgav1-1 libgcc-12-dev
2025-05-23T17:07:48.3103505Z #7 7.258   libgd3 libgdbm-compat4 libgomp1 libgprofng0 libheif1 libisl23 libitm1
2025-05-23T17:07:48.3104242Z #7 7.258   libjansson4 libjbig0 libjpeg62-turbo libksba8 libldap-2.5-0 libldap-common
2025-05-23T17:07:48.3104993Z #7 7.258   liblerc4 liblocale-gettext-perl liblsan0 libmpc3 libmpfr6 libnghttp2-14
2025-05-23T17:07:48.3105742Z #7 7.258   libnpth0 libnsl-dev libnuma1 libperl5.36 libpng16-16 libpsl5 libquadmath0
2025-05-23T17:07:48.3106498Z #7 7.258   librav1e0 librtmp1 libsasl2-2 libsasl2-modules libsasl2-modules-db libssh2-1
2025-05-23T17:07:48.3107090Z #7 7.258   libstdc++-12-dev libsvtav1enc1 libtiff6 libtirpc-dev libtsan2 libubsan1
2025-05-23T17:07:48.3107801Z #7 7.258   libwebp7 libx11-6 libx11-data libx265-199 libxau6 libxcb1 libxdmcp6 libxpm4
2025-05-23T17:07:48.3108333Z #7 7.258   libyuv0 linux-libc-dev make manpages manpages-dev patch perl
2025-05-23T17:07:48.3108850Z #7 7.258   perl-modules-5.36 pinentry-curses publicsuffix rpcsvc-proto xz-utils
2025-05-23T17:07:48.3109301Z #7 7.261 Suggested packages:
2025-05-23T17:07:48.3109710Z #7 7.261   binutils-doc bzip2-doc cpp-doc gcc-12-locales cpp-12-doc dbus-user-session
2025-05-23T17:07:48.3110252Z #7 7.262   libpam-systemd pinentry-gnome3 tor debian-keyring g++-multilib
2025-05-23T17:07:48.3110788Z #7 7.262   g++-12-multilib gcc-12-doc gcc-multilib autoconf automake libtool flex bison
2025-05-23T17:07:48.3111326Z #7 7.262   gdb gcc-doc gcc-12-multilib parcimonie xloadimage scdaemon glibc-doc
2025-05-23T17:07:48.3111836Z #7 7.263   sensible-utils git bzr libgd-tools libsasl2-modules-gssapi-mit
2025-05-23T17:07:48.3112400Z #7 7.263   | libsasl2-modules-gssapi-heimdal libsasl2-modules-ldap libsasl2-modules-otp
2025-05-23T17:07:48.3113002Z #7 7.263   libsasl2-modules-sql libstdc++-12-doc make-doc man-browser ed diffutils-doc
2025-05-23T17:07:48.3113559Z #7 7.263   perl-doc libterm-readline-gnu-perl | libterm-readline-perl-perl
2025-05-23T17:07:48.3114013Z #7 7.263   libtap-harness-archive-perl pinentry-doc
2025-05-23T17:07:49.0402559Z #7 ...
2025-05-23T17:07:49.0402800Z 
2025-05-23T17:07:49.0403327Z #8 [app production 3/7] RUN apt-get update && apt-get install -y     curl     && rm -rf /var/lib/apt/lists/*     && apt-get clean
2025-05-23T17:07:49.0404216Z #8 0.617 Get:1 http://deb.debian.org/debian bookworm InRelease [151 kB]
2025-05-23T17:07:49.0404911Z #8 0.641 Get:2 http://deb.debian.org/debian bookworm-updates InRelease [55.4 kB]
2025-05-23T17:07:49.0405707Z #8 0.641 Get:3 http://deb.debian.org/debian-security bookworm-security InRelease [48.0 kB]
2025-05-23T17:07:49.0406484Z #8 0.774 Get:4 http://deb.debian.org/debian bookworm/main amd64 Packages [8793 kB]
2025-05-23T17:07:49.0408008Z #8 1.090 Get:5 http://deb.debian.org/debian bookworm-updates/main amd64 Packages [512 B]
2025-05-23T17:07:49.0408867Z #8 1.178 Get:6 http://deb.debian.org/debian-security bookworm-security/main amd64 Packages [259 kB]
2025-05-23T17:07:49.0409552Z #8 3.653 Fetched 9307 kB in 3s (3052 kB/s)
2025-05-23T17:07:49.0409950Z #8 3.653 Reading package lists...
2025-05-23T17:07:49.0410254Z #8 5.117 Reading package lists...
2025-05-23T17:07:49.0410562Z #8 6.521 Building dependency tree...
2025-05-23T17:07:49.0410848Z #8 6.842 Reading state information...
2025-05-23T17:07:49.0411180Z #8 7.240 The following additional packages will be installed:
2025-05-23T17:07:49.0411633Z #8 7.243   libbrotli1 libcurl4 libldap-2.5-0 libldap-common libnghttp2-14 libpsl5
2025-05-23T17:07:49.0412270Z #8 7.243   librtmp1 libsasl2-2 libsasl2-modules libsasl2-modules-db libssh2-1
2025-05-23T17:07:49.0412656Z #8 7.243   publicsuffix
2025-05-23T17:07:49.0412888Z #8 7.247 Suggested packages:
2025-05-23T17:07:49.0413227Z #8 7.247   libsasl2-modules-gssapi-mit | libsasl2-modules-gssapi-heimdal
2025-05-23T17:07:49.0413728Z #8 7.247   libsasl2-modules-ldap libsasl2-modules-otp libsasl2-modules-sql
2025-05-23T17:07:49.0414124Z #8 7.493 The following NEW packages will be installed:
2025-05-23T17:07:49.0414539Z #8 7.496   curl libbrotli1 libcurl4 libldap-2.5-0 libldap-common libnghttp2-14 libpsl5
2025-05-23T17:07:49.0415036Z #8 7.496   librtmp1 libsasl2-2 libsasl2-modules libsasl2-modules-db libssh2-1
2025-05-23T17:07:49.0415396Z #8 7.496   publicsuffix
2025-05-23T17:07:49.0415695Z #8 7.538 0 upgraded, 13 newly installed, 0 to remove and 0 not upgraded.
2025-05-23T17:07:49.0416046Z #8 7.538 Need to get 1839 kB of archives.
2025-05-23T17:07:49.0416410Z #8 7.538 After this operation, 4550 kB of additional disk space will be used.
2025-05-23T17:07:49.0416928Z #8 7.538 Get:1 http://deb.debian.org/debian bookworm/main amd64 libbrotli1 amd64 1.0.9-2+b6 [275 kB]
2025-05-23T17:07:49.0417722Z #8 7.545 Get:2 http://deb.debian.org/debian bookworm/main amd64 libsasl2-modules-db amd64 2.1.28+dfsg-10 [20.3 kB]
2025-05-23T17:07:49.0418366Z #8 7.548 Get:3 http://deb.debian.org/debian bookworm/main amd64 libsasl2-2 amd64 2.1.28+dfsg-10 [59.7 kB]
2025-05-23T17:07:49.0418968Z #8 7.550 Get:4 http://deb.debian.org/debian bookworm/main amd64 libldap-2.5-0 amd64 2.5.13+dfsg-5 [183 kB]
2025-05-23T17:07:49.0419619Z #8 7.558 Get:5 http://deb.debian.org/debian bookworm/main amd64 libnghttp2-14 amd64 1.52.0-1+deb12u2 [73.0 kB]
2025-05-23T17:07:49.0420207Z #8 7.561 Get:6 http://deb.debian.org/debian bookworm/main amd64 libpsl5 amd64 0.21.2-1 [58.7 kB]
2025-05-23T17:07:49.0420828Z #8 7.561 Get:7 http://deb.debian.org/debian bookworm/main amd64 librtmp1 amd64 2.4+20151223.gitfa8646d.1-2+b2 [60.8 kB]
2025-05-23T17:07:49.0421457Z #8 7.563 Get:8 http://deb.debian.org/debian bookworm/main amd64 libssh2-1 amd64 1.10.0-3+b1 [179 kB]
2025-05-23T17:07:49.0422048Z #8 7.568 Get:9 http://deb.debian.org/debian bookworm/main amd64 libcurl4 amd64 7.88.1-10+deb12u12 [391 kB]
2025-05-23T17:07:49.0422634Z #8 7.573 Get:10 http://deb.debian.org/debian bookworm/main amd64 curl amd64 7.88.1-10+deb12u12 [315 kB]
2025-05-23T17:07:49.0423239Z #8 7.579 Get:11 http://deb.debian.org/debian bookworm/main amd64 libldap-common all 2.5.13+dfsg-5 [29.3 kB]
2025-05-23T17:07:49.0423877Z #8 7.580 Get:12 http://deb.debian.org/debian bookworm/main amd64 libsasl2-modules amd64 2.1.28+dfsg-10 [66.6 kB]
2025-05-23T17:07:49.0424497Z #8 7.580 Get:13 http://deb.debian.org/debian bookworm/main amd64 publicsuffix all 20230209.2326-1 [126 kB]
2025-05-23T17:07:49.0425040Z #8 7.899 debconf: delaying package configuration, since apt-utils is not installed
2025-05-23T17:07:49.0425440Z #8 7.973 Fetched 1839 kB in 0s (24.6 MB/s)
2025-05-23T17:07:49.0425788Z #8 8.043 Selecting previously unselected package libbrotli1:amd64.
2025-05-23T17:07:49.0426126Z #8 8.044 (Reading database ... 
2025-05-23T17:07:49.0426375Z (Reading database ... 5%
2025-05-23T17:07:49.0426603Z (Reading database ... 10%
2025-05-23T17:07:49.0426828Z (Reading database ... 15%
2025-05-23T17:07:49.0427287Z (Reading database ... 20%
2025-05-23T17:07:49.0427511Z (Reading database ... 25%
2025-05-23T17:07:49.0427728Z (Reading database ... 30%
2025-05-23T17:07:49.0427952Z (Reading database ... 35%
2025-05-23T17:07:49.0428167Z (Reading database ... 40%
2025-05-23T17:07:49.0428383Z (Reading database ... 45%
2025-05-23T17:07:49.0428602Z (Reading database ... 50%
2025-05-23T17:07:49.0428818Z (Reading database ... 55%
2025-05-23T17:07:49.0429035Z (Reading database ... 60%
2025-05-23T17:07:49.0429260Z (Reading database ... 65%
2025-05-23T17:07:49.0429477Z (Reading database ... 70%
2025-05-23T17:07:49.0429693Z (Reading database ... 75%
2025-05-23T17:07:49.0429915Z (Reading database ... 80%
2025-05-23T17:07:49.0430132Z (Reading database ... 85%
2025-05-23T17:07:49.0430468Z (Reading database ... 90%
2025-05-23T17:07:49.0430697Z (Reading database ... 95%
2025-05-23T17:07:49.0430917Z (Reading database ... 100%
2025-05-23T17:07:49.0431237Z (Reading database ... 6686 files and directories currently installed.)
2025-05-23T17:07:49.1731113Z #8 8.144 Preparing to unpack .../00-libbrotli1_1.0.9-2+b6_amd64.deb ...
2025-05-23T17:07:49.1731801Z #8 8.158 Unpacking libbrotli1:amd64 (1.0.9-2+b6) ...
2025-05-23T17:07:49.1732261Z #8 ...
2025-05-23T17:07:49.1732422Z 
2025-05-23T17:07:49.1732836Z #7 [app builder 3/7] RUN apt-get update && apt-get install -y     curl     build-essential     && rm -rf /var/lib/apt/lists/*
2025-05-23T17:07:49.1733537Z #7 8.276 The following NEW packages will be installed:
2025-05-23T17:07:49.2827832Z #7 8.277   binutils binutils-common binutils-x86-64-linux-gnu build-essential bzip2 cpp
2025-05-23T17:07:49.2828619Z #7 8.277   cpp-12 curl dirmngr dpkg-dev fakeroot fontconfig-config fonts-dejavu-core
2025-05-23T17:07:49.2829279Z #7 8.278   g++ g++-12 gcc gcc-12 gnupg gnupg-l10n gnupg-utils gpg gpg-agent
2025-05-23T17:07:49.2829848Z #7 8.278   gpg-wks-client gpg-wks-server gpgconf gpgsm libabsl20220623
2025-05-23T17:07:49.2830489Z #7 8.278   libalgorithm-diff-perl libalgorithm-diff-xs-perl libalgorithm-merge-perl
2025-05-23T17:07:49.2831191Z #7 8.278   libaom3 libasan8 libassuan0 libatomic1 libavif15 libbinutils libbrotli1
2025-05-23T17:07:49.2831835Z #7 8.278   libbsd0 libc-dev-bin libc-devtools libc6-dev libcc1-0 libcrypt-dev
2025-05-23T17:07:49.2832489Z #7 8.278   libctf-nobfd0 libctf0 libcurl4 libdav1d6 libde265-0 libdeflate0 libdpkg-perl
2025-05-23T17:07:49.2833189Z #7 8.278   libexpat1 libfakeroot libfile-fcntllock-perl libfontconfig1 libfreetype6
2025-05-23T17:07:49.2833875Z #7 8.278   libgav1-1 libgcc-12-dev libgd3 libgdbm-compat4 libgomp1 libgprofng0 libheif1
2025-05-23T17:07:49.2834562Z #7 8.278   libisl23 libitm1 libjansson4 libjbig0 libjpeg62-turbo libksba8 libldap-2.5-0
2025-05-23T17:07:49.2835226Z #7 8.278   libldap-common liblerc4 liblocale-gettext-perl liblsan0 libmpc3 libmpfr6
2025-05-23T17:07:49.2835806Z #7 8.278   libnghttp2-14 libnpth0 libnsl-dev libnuma1 libperl5.36 libpng16-16 libpsl5
2025-05-23T17:07:49.2836358Z #7 8.278   libquadmath0 librav1e0 librtmp1 libsasl2-2 libsasl2-modules
2025-05-23T17:07:49.2836893Z #7 8.280   libsasl2-modules-db libssh2-1 libstdc++-12-dev libsvtav1enc1 libtiff6
2025-05-23T17:07:49.2837639Z #7 8.280   libtirpc-dev libtsan2 libubsan1 libwebp7 libx11-6 libx11-data libx265-199
2025-05-23T17:07:49.2838209Z #7 8.280   libxau6 libxcb1 libxdmcp6 libxpm4 libyuv0 linux-libc-dev make manpages
2025-05-23T17:07:49.2838769Z #7 8.280   manpages-dev patch perl perl-modules-5.36 pinentry-curses publicsuffix
2025-05-23T17:07:49.2839202Z #7 8.280   rpcsvc-proto xz-utils
2025-05-23T17:07:49.2839578Z #7 8.317 0 upgraded, 115 newly installed, 0 to remove and 0 not upgraded.
2025-05-23T17:07:49.2839987Z #7 8.317 Need to get 99.8 MB of archives.
2025-05-23T17:07:49.2840395Z #7 8.317 After this operation, 392 MB of additional disk space will be used.
2025-05-23T17:07:49.2841043Z #7 8.317 Get:1 http://deb.debian.org/debian bookworm/main amd64 perl-modules-5.36 all 5.36.0-7+deb12u2 [2815 kB]
2025-05-23T17:07:49.3894118Z #7 8.408 Get:2 http://deb.debian.org/debian bookworm/main amd64 libgdbm-compat4 amd64 1.23-3 [48.2 kB]
2025-05-23T17:07:49.3895442Z #7 8.408 Get:3 http://deb.debian.org/debian bookworm/main amd64 libperl5.36 amd64 5.36.0-7+deb12u2 [4207 kB]
2025-05-23T17:07:49.4951508Z #7 8.494 Get:4 http://deb.debian.org/debian bookworm/main amd64 perl amd64 5.36.0-7+deb12u2 [239 kB]
2025-05-23T17:07:49.4952588Z #7 8.499 Get:5 http://deb.debian.org/debian bookworm/main amd64 liblocale-gettext-perl amd64 1.07-5 [15.4 kB]
2025-05-23T17:07:49.4953553Z #7 8.500 Get:6 http://deb.debian.org/debian bookworm/main amd64 bzip2 amd64 1.0.8-5+b1 [49.8 kB]
2025-05-23T17:07:49.4954388Z #7 8.502 Get:7 http://deb.debian.org/debian bookworm/main amd64 manpages all 6.03-2 [1332 kB]
2025-05-23T17:07:49.4955755Z #7 8.528 Get:8 http://deb.debian.org/debian bookworm/main amd64 xz-utils amd64 5.4.1-1 [471 kB]
2025-05-23T17:07:49.4956726Z #7 8.533 Get:9 http://deb.debian.org/debian bookworm/main amd64 binutils-common amd64 2.40-2 [2487 kB]
2025-05-23T17:07:49.4958025Z #7 8.572 Get:10 http://deb.debian.org/debian bookworm/main amd64 libbinutils amd64 2.40-2 [572 kB]
2025-05-23T17:07:49.4958844Z #7 8.580 Get:11 http://deb.debian.org/debian bookworm/main amd64 libctf-nobfd0 amd64 2.40-2 [153 kB]
2025-05-23T17:07:49.4959404Z #7 8.583 Get:12 http://deb.debian.org/debian bookworm/main amd64 libctf0 amd64 2.40-2 [89.8 kB]
2025-05-23T17:07:49.4959947Z #7 8.585 Get:13 http://deb.debian.org/debian bookworm/main amd64 libgprofng0 amd64 2.40-2 [812 kB]
2025-05-23T17:07:49.5964793Z #7 8.603 Get:14 http://deb.debian.org/debian bookworm/main amd64 libjansson4 amd64 2.14-2 [40.8 kB]
2025-05-23T17:07:49.5965925Z #7 8.603 Get:15 http://deb.debian.org/debian bookworm/main amd64 binutils-x86-64-linux-gnu amd64 2.40-2 [2246 kB]
2025-05-23T17:07:49.5967022Z #7 8.646 Get:16 http://deb.debian.org/debian bookworm/main amd64 binutils amd64 2.40-2 [65.0 kB]
2025-05-23T17:07:49.5968303Z #7 8.648 Get:17 http://deb.debian.org/debian bookworm/main amd64 libc-dev-bin amd64 2.36-9+deb12u10 [47.1 kB]
2025-05-23T17:07:49.5969357Z #7 8.651 Get:18 http://deb.debian.org/debian bookworm/main amd64 linux-libc-dev amd64 6.1.137-1 [2139 kB]
2025-05-23T17:07:49.5970356Z #7 8.681 Get:19 http://deb.debian.org/debian bookworm/main amd64 libcrypt-dev amd64 1:4.4.33-2 [118 kB]
2025-05-23T17:07:49.5971137Z #7 8.684 Get:20 http://deb.debian.org/debian bookworm/main amd64 libtirpc-dev amd64 1.3.3+ds-1 [191 kB]
2025-05-23T17:07:49.5971905Z #7 8.687 Get:21 http://deb.debian.org/debian bookworm/main amd64 libnsl-dev amd64 1.3.0-2 [66.4 kB]
2025-05-23T17:07:49.5972678Z #7 8.691 Get:22 http://deb.debian.org/debian bookworm/main amd64 rpcsvc-proto amd64 1.4.3-1 [63.3 kB]
2025-05-23T17:07:49.5973471Z #7 8.693 Get:23 http://deb.debian.org/debian bookworm/main amd64 libc6-dev amd64 2.36-9+deb12u10 [1903 kB]
2025-05-23T17:07:49.6971564Z #7 8.723 Get:24 http://deb.debian.org/debian bookworm/main amd64 libisl23 amd64 0.25-1.1 [683 kB]
2025-05-23T17:07:49.6972494Z #7 8.734 Get:25 http://deb.debian.org/debian bookworm/main amd64 libmpfr6 amd64 4.2.0-1 [701 kB]
2025-05-23T17:07:49.6973388Z #7 8.746 Get:26 http://deb.debian.org/debian bookworm/main amd64 libmpc3 amd64 1.3.1-1 [51.5 kB]
2025-05-23T17:07:49.6974163Z #7 8.750 Get:27 http://deb.debian.org/debian bookworm/main amd64 cpp-12 amd64 12.2.0-14+deb12u1 [9768 kB]
2025-05-23T17:07:49.7981485Z #7 8.884 Get:28 http://deb.debian.org/debian bookworm/main amd64 cpp amd64 4:12.2.0-3 [6836 B]
2025-05-23T17:07:49.7982908Z #7 8.886 Get:29 http://deb.debian.org/debian bookworm/main amd64 libcc1-0 amd64 12.2.0-14+deb12u1 [41.7 kB]
2025-05-23T17:07:49.7984172Z #7 8.889 Get:30 http://deb.debian.org/debian bookworm/main amd64 libgomp1 amd64 12.2.0-14+deb12u1 [116 kB]
2025-05-23T17:07:49.7985144Z #7 8.892 Get:31 http://deb.debian.org/debian bookworm/main amd64 libitm1 amd64 12.2.0-14+deb12u1 [26.1 kB]
2025-05-23T17:07:49.7985967Z #7 8.895 Get:32 http://deb.debian.org/debian bookworm/main amd64 libatomic1 amd64 12.2.0-14+deb12u1 [9376 B]
2025-05-23T17:07:49.7986771Z #7 8.895 Get:33 http://deb.debian.org/debian bookworm/main amd64 libasan8 amd64 12.2.0-14+deb12u1 [2193 kB]
2025-05-23T17:07:49.9002646Z #7 8.934 Get:34 http://deb.debian.org/debian bookworm/main amd64 liblsan0 amd64 12.2.0-14+deb12u1 [969 kB]
2025-05-23T17:07:49.9003975Z #7 8.950 Get:35 http://deb.debian.org/debian bookworm/main amd64 libtsan2 amd64 12.2.0-14+deb12u1 [2197 kB]
2025-05-23T17:07:49.9005106Z #7 8.982 Get:36 http://deb.debian.org/debian bookworm/main amd64 libubsan1 amd64 12.2.0-14+deb12u1 [883 kB]
2025-05-23T17:07:49.9006200Z #7 8.993 Get:37 http://deb.debian.org/debian bookworm/main amd64 libquadmath0 amd64 12.2.0-14+deb12u1 [145 kB]
2025-05-23T17:07:49.9007122Z #7 8.996 Get:38 http://deb.debian.org/debian bookworm/main amd64 libgcc-12-dev amd64 12.2.0-14+deb12u1 [2437 kB]
2025-05-23T17:07:50.0138736Z #7 9.040 Get:39 http://deb.debian.org/debian bookworm/main amd64 gcc-12 amd64 12.2.0-14+deb12u1 [19.3 MB]
2025-05-23T17:07:50.2484132Z #7 9.331 Get:40 http://deb.debian.org/debian bookworm/main amd64 gcc amd64 4:12.2.0-3 [5216 B]
2025-05-23T17:07:50.2485330Z #7 9.332 Get:41 http://deb.debian.org/debian bookworm/main amd64 libstdc++-12-dev amd64 12.2.0-14+deb12u1 [2047 kB]
2025-05-23T17:07:50.3434205Z #7 9.357 Get:42 http://deb.debian.org/debian bookworm/main amd64 g++-12 amd64 12.2.0-14+deb12u1 [10.7 MB]
2025-05-23T17:07:50.4592547Z #7 9.519 Get:43 http://deb.debian.org/debian bookworm/main amd64 g++ amd64 4:12.2.0-3 [1356 B]
2025-05-23T17:07:50.4593671Z #7 9.520 Get:44 http://deb.debian.org/debian bookworm/main amd64 make amd64 4.3-4.1 [396 kB]
2025-05-23T17:07:50.4594612Z #7 9.525 Get:45 http://deb.debian.org/debian bookworm/main amd64 libdpkg-perl all 1.21.22 [603 kB]
2025-05-23T17:07:50.4595555Z #7 9.534 Get:46 http://deb.debian.org/debian bookworm/main amd64 patch amd64 2.7.6-7 [128 kB]
2025-05-23T17:07:50.4596482Z #7 9.537 Get:47 http://deb.debian.org/debian bookworm/main amd64 dpkg-dev all 1.21.22 [1353 kB]
2025-05-23T17:07:50.5598940Z #7 9.563 Get:48 http://deb.debian.org/debian bookworm/main amd64 build-essential amd64 12.9 [7704 B]
2025-05-23T17:07:50.5599906Z #7 9.565 Get:49 http://deb.debian.org/debian bookworm/main amd64 libbrotli1 amd64 1.0.9-2+b6 [275 kB]
2025-05-23T17:07:50.5600699Z #7 9.569 Get:50 http://deb.debian.org/debian bookworm/main amd64 libsasl2-modules-db amd64 2.1.28+dfsg-10 [20.3 kB]
2025-05-23T17:07:50.5601525Z #7 9.571 Get:51 http://deb.debian.org/debian bookworm/main amd64 libsasl2-2 amd64 2.1.28+dfsg-10 [59.7 kB]
2025-05-23T17:07:50.5602284Z #7 9.574 Get:52 http://deb.debian.org/debian bookworm/main amd64 libldap-2.5-0 amd64 2.5.13+dfsg-5 [183 kB]
2025-05-23T17:07:50.5603059Z #7 9.577 Get:53 http://deb.debian.org/debian bookworm/main amd64 libnghttp2-14 amd64 1.52.0-1+deb12u2 [73.0 kB]
2025-05-23T17:07:50.5603813Z #7 9.581 Get:54 http://deb.debian.org/debian bookworm/main amd64 libpsl5 amd64 0.21.2-1 [58.7 kB]
2025-05-23T17:07:50.5604580Z #7 9.582 Get:55 http://deb.debian.org/debian bookworm/main amd64 librtmp1 amd64 2.4+20151223.gitfa8646d.1-2+b2 [60.8 kB]
2025-05-23T17:07:50.5605363Z #7 9.583 Get:56 http://deb.debian.org/debian bookworm/main amd64 libssh2-1 amd64 1.10.0-3+b1 [179 kB]
2025-05-23T17:07:50.5606129Z #7 9.587 Get:57 http://deb.debian.org/debian bookworm/main amd64 libcurl4 amd64 7.88.1-10+deb12u12 [391 kB]
2025-05-23T17:07:50.5606868Z #7 9.593 Get:58 http://deb.debian.org/debian bookworm/main amd64 curl amd64 7.88.1-10+deb12u12 [315 kB]
2025-05-23T17:07:50.5607829Z #7 9.600 Get:59 http://deb.debian.org/debian bookworm/main amd64 libassuan0 amd64 2.5.5-5 [48.5 kB]
2025-05-23T17:07:50.5608536Z #7 9.601 Get:60 http://deb.debian.org/debian bookworm/main amd64 gpgconf amd64 2.2.40-1.1 [564 kB]
2025-05-23T17:07:50.5609158Z #7 9.612 Get:61 http://deb.debian.org/debian bookworm/main amd64 libksba8 amd64 1.6.3-2 [128 kB]
2025-05-23T17:07:50.5609711Z #7 9.614 Get:62 http://deb.debian.org/debian bookworm/main amd64 libnpth0 amd64 1.6-3 [19.0 kB]
2025-05-23T17:07:50.5610270Z #7 9.617 Get:63 http://deb.debian.org/debian bookworm/main amd64 dirmngr amd64 2.2.40-1.1 [792 kB]
2025-05-23T17:07:50.5610844Z #7 9.626 Get:64 http://deb.debian.org/debian bookworm/main amd64 libfakeroot amd64 1.31-1.2 [28.3 kB]
2025-05-23T17:07:50.5612023Z #7 9.630 Get:65 http://deb.debian.org/debian bookworm/main amd64 fakeroot amd64 1.31-1.2 [66.9 kB]
2025-05-23T17:07:50.5612596Z #7 9.637 Get:66 http://deb.debian.org/debian bookworm/main amd64 fonts-dejavu-core all 2.37-6 [1068 kB]
2025-05-23T17:07:50.5613209Z #7 9.656 Get:67 http://deb.debian.org/debian bookworm/main amd64 fontconfig-config amd64 2.14.1-4 [315 kB]
2025-05-23T17:07:50.5613793Z #7 9.662 Get:68 http://deb.debian.org/debian bookworm/main amd64 gnupg-l10n all 2.2.40-1.1 [1093 kB]
2025-05-23T17:07:50.6662763Z #7 9.680 Get:69 http://deb.debian.org/debian bookworm/main amd64 gnupg-utils amd64 2.2.40-1.1 [927 kB]
2025-05-23T17:07:50.6664298Z #7 9.696 Get:70 http://deb.debian.org/debian bookworm/main amd64 gpg amd64 2.2.40-1.1 [949 kB]
2025-05-23T17:07:50.6665272Z #7 9.711 Get:71 http://deb.debian.org/debian bookworm/main amd64 pinentry-curses amd64 1.2.1-1 [77.4 kB]
2025-05-23T17:07:50.6666259Z #7 9.715 Get:72 http://deb.debian.org/debian bookworm/main amd64 gpg-agent amd64 2.2.40-1.1 [695 kB]
2025-05-23T17:07:50.6667524Z #7 9.727 Get:73 http://deb.debian.org/debian bookworm/main amd64 gpg-wks-client amd64 2.2.40-1.1 [541 kB]
2025-05-23T17:07:50.6668527Z #7 9.737 Get:74 http://deb.debian.org/debian bookworm/main amd64 gpg-wks-server amd64 2.2.40-1.1 [531 kB]
2025-05-23T17:07:50.6669471Z #7 9.747 Get:75 http://deb.debian.org/debian bookworm/main amd64 gpgsm amd64 2.2.40-1.1 [671 kB]
2025-05-23T17:07:50.6670360Z #7 9.756 Get:76 http://deb.debian.org/debian bookworm/main amd64 gnupg all 2.2.40-1.1 [846 kB]
2025-05-23T17:07:50.6671159Z #7 9.769 Get:77 http://deb.debian.org/debian bookworm/main amd64 libabsl20220623 amd64 20220623.1-1+deb12u2 [391 kB]
2025-05-23T17:07:50.7694101Z #7 9.778 Get:78 http://deb.debian.org/debian bookworm/main amd64 libalgorithm-diff-perl all 1.201-1 [43.3 kB]
2025-05-23T17:07:50.7695343Z #7 9.780 Get:79 http://deb.debian.org/debian bookworm/main amd64 libalgorithm-diff-xs-perl amd64 0.04-8+b1 [11.4 kB]
2025-05-23T17:07:50.7696511Z #7 9.783 Get:80 http://deb.debian.org/debian bookworm/main amd64 libalgorithm-merge-perl all 0.08-5 [11.8 kB]
2025-05-23T17:07:50.7697923Z #7 9.783 Get:81 http://deb.debian.org/debian bookworm/main amd64 libaom3 amd64 3.6.0-1+deb12u1 [1851 kB]
2025-05-23T17:07:50.7698938Z #7 9.809 Get:82 http://deb.debian.org/debian bookworm/main amd64 libdav1d6 amd64 1.0.0-2+deb12u1 [513 kB]
2025-05-23T17:07:50.7699912Z #7 9.822 Get:83 http://deb.debian.org/debian bookworm/main amd64 libgav1-1 amd64 0.18.0-1+b1 [332 kB]
2025-05-23T17:07:50.7700843Z #7 9.828 Get:84 http://deb.debian.org/debian bookworm/main amd64 librav1e0 amd64 0.5.1-6 [763 kB]
2025-05-23T17:07:50.7701824Z #7 9.844 Get:85 http://deb.debian.org/debian bookworm/main amd64 libsvtav1enc1 amd64 1.4.1+dfsg-1 [2121 kB]
2025-05-23T17:07:50.7702727Z #7 9.865 Get:86 http://deb.debian.org/debian bookworm/main amd64 libjpeg62-turbo amd64 1:2.1.5-2 [166 kB]
2025-05-23T17:07:50.7703555Z #7 9.867 Get:87 http://deb.debian.org/debian bookworm/main amd64 libyuv0 amd64 0.0~git20230123.b2528b0-1 [168 kB]
2025-05-23T17:07:50.7704371Z #7 9.872 Get:88 http://deb.debian.org/debian bookworm/main amd64 libavif15 amd64 0.11.1-1 [93.8 kB]
2025-05-23T17:07:50.8762786Z #7 9.873 Get:89 http://deb.debian.org/debian bookworm/main amd64 libbsd0 amd64 0.11.7-2 [117 kB]
2025-05-23T17:07:50.8764100Z #7 9.875 Get:90 http://deb.debian.org/debian bookworm/main amd64 libexpat1 amd64 2.5.0-1+deb12u1 [98.9 kB]
2025-05-23T17:07:50.8765061Z #7 9.877 Get:91 http://deb.debian.org/debian bookworm/main amd64 libpng16-16 amd64 1.6.39-2 [276 kB]
2025-05-23T17:07:50.8765765Z #7 9.880 Get:92 http://deb.debian.org/debian bookworm/main amd64 libfreetype6 amd64 2.12.1+dfsg-5+deb12u4 [398 kB]
2025-05-23T17:07:50.8766459Z #7 9.885 Get:93 http://deb.debian.org/debian bookworm/main amd64 libfontconfig1 amd64 2.14.1-4 [386 kB]
2025-05-23T17:07:50.8767074Z #7 9.890 Get:94 http://deb.debian.org/debian bookworm/main amd64 libde265-0 amd64 1.0.11-1+deb12u2 [185 kB]
2025-05-23T17:07:50.8768377Z #7 9.894 Get:95 http://deb.debian.org/debian bookworm/main amd64 libnuma1 amd64 2.0.16-1 [21.0 kB]
2025-05-23T17:07:50.8768987Z #7 9.895 Get:96 http://deb.debian.org/debian bookworm/main amd64 libx265-199 amd64 3.5-2+b1 [1150 kB]
2025-05-23T17:07:50.8769582Z #7 9.909 Get:97 http://deb.debian.org/debian bookworm/main amd64 libheif1 amd64 1.15.1-1+deb12u1 [215 kB]
2025-05-23T17:07:50.8770165Z #7 9.912 Get:98 http://deb.debian.org/debian bookworm/main amd64 libdeflate0 amd64 1.14-1 [61.4 kB]
2025-05-23T17:07:50.8770728Z #7 9.913 Get:99 http://deb.debian.org/debian bookworm/main amd64 libjbig0 amd64 2.1-6.1 [31.7 kB]
2025-05-23T17:07:50.8771285Z #7 9.915 Get:100 http://deb.debian.org/debian bookworm/main amd64 liblerc4 amd64 4.0.0+ds-2 [170 kB]
2025-05-23T17:07:50.8772017Z #7 9.917 Get:101 http://deb.debian.org/debian bookworm/main amd64 libwebp7 amd64 1.2.4-0.2+deb12u1 [286 kB]
2025-05-23T17:07:50.8772626Z #7 9.920 Get:102 http://deb.debian.org/debian bookworm/main amd64 libtiff6 amd64 4.5.0-6+deb12u2 [316 kB]
2025-05-23T17:07:50.8773212Z #7 9.924 Get:103 http://deb.debian.org/debian bookworm/main amd64 libxau6 amd64 1:1.0.9-1 [19.7 kB]
2025-05-23T17:07:50.8773788Z #7 9.925 Get:104 http://deb.debian.org/debian bookworm/main amd64 libxdmcp6 amd64 1:1.1.2-3 [26.3 kB]
2025-05-23T17:07:50.8774345Z #7 9.926 Get:105 http://deb.debian.org/debian bookworm/main amd64 libxcb1 amd64 1.15-1 [144 kB]
2025-05-23T17:07:50.8774926Z #7 9.928 Get:106 http://deb.debian.org/debian bookworm/main amd64 libx11-data all 2:1.8.4-2+deb12u2 [292 kB]
2025-05-23T17:07:50.8775535Z #7 9.932 Get:107 http://deb.debian.org/debian bookworm/main amd64 libx11-6 amd64 2:1.8.4-2+deb12u2 [760 kB]
2025-05-23T17:07:50.8776151Z #7 9.947 Get:108 http://deb.debian.org/debian bookworm/main amd64 libxpm4 amd64 1:3.5.12-1.1+deb12u1 [48.6 kB]
2025-05-23T17:07:50.8776734Z #7 9.948 Get:109 http://deb.debian.org/debian bookworm/main amd64 libgd3 amd64 2.3.3-9 [124 kB]
2025-05-23T17:07:50.8777436Z #7 9.950 Get:110 http://deb.debian.org/debian bookworm/main amd64 libc-devtools amd64 2.36-9+deb12u10 [54.7 kB]
2025-05-23T17:07:50.8778102Z #7 9.951 Get:111 http://deb.debian.org/debian bookworm/main amd64 libfile-fcntllock-perl amd64 0.22-4+b1 [34.8 kB]
2025-05-23T17:07:50.8778778Z #7 9.952 Get:112 http://deb.debian.org/debian bookworm/main amd64 libldap-common all 2.5.13+dfsg-5 [29.3 kB]
2025-05-23T17:07:50.8779413Z #7 9.956 Get:113 http://deb.debian.org/debian bookworm/main amd64 libsasl2-modules amd64 2.1.28+dfsg-10 [66.6 kB]
2025-05-23T17:07:50.8780014Z #7 9.956 Get:114 http://deb.debian.org/debian bookworm/main amd64 manpages-dev all 6.03-2 [2030 kB]
2025-05-23T17:07:50.8780608Z #7 9.979 Get:115 http://deb.debian.org/debian bookworm/main amd64 publicsuffix all 20230209.2326-1 [126 kB]
2025-05-23T17:07:51.0168102Z #7 ...
2025-05-23T17:07:51.0168491Z 
2025-05-23T17:07:51.0169218Z #8 [app production 3/7] RUN apt-get update && apt-get install -y     curl     && rm -rf /var/lib/apt/lists/*     && apt-get clean
2025-05-23T17:07:51.0170225Z #8 8.286 Selecting previously unselected package libsasl2-modules-db:amd64.
2025-05-23T17:07:51.0171073Z #8 8.286 Preparing to unpack .../01-libsasl2-modules-db_2.1.28+dfsg-10_amd64.deb ...
2025-05-23T17:07:51.0171816Z #8 8.294 Unpacking libsasl2-modules-db:amd64 (2.1.28+dfsg-10) ...
2025-05-23T17:07:51.0172486Z #8 8.386 Selecting previously unselected package libsasl2-2:amd64.
2025-05-23T17:07:51.0173188Z #8 8.389 Preparing to unpack .../02-libsasl2-2_2.1.28+dfsg-10_amd64.deb ...
2025-05-23T17:07:51.0173826Z #8 8.398 Unpacking libsasl2-2:amd64 (2.1.28+dfsg-10) ...
2025-05-23T17:07:51.0174448Z #8 8.478 Selecting previously unselected package libldap-2.5-0:amd64.
2025-05-23T17:07:51.0175171Z #8 8.480 Preparing to unpack .../03-libldap-2.5-0_2.5.13+dfsg-5_amd64.deb ...
2025-05-23T17:07:51.0175831Z #8 8.492 Unpacking libldap-2.5-0:amd64 (2.5.13+dfsg-5) ...
2025-05-23T17:07:51.0176475Z #8 8.599 Selecting previously unselected package libnghttp2-14:amd64.
2025-05-23T17:07:51.0177178Z #8 8.603 Preparing to unpack .../04-libnghttp2-14_1.52.0-1+deb12u2_amd64.deb ...
2025-05-23T17:07:51.0178360Z #8 8.610 Unpacking libnghttp2-14:amd64 (1.52.0-1+deb12u2) ...
2025-05-23T17:07:51.0178852Z #8 8.700 Selecting previously unselected package libpsl5:amd64.
2025-05-23T17:07:51.0179357Z #8 8.701 Preparing to unpack .../05-libpsl5_0.21.2-1_amd64.deb ...
2025-05-23T17:07:51.0179793Z #8 8.709 Unpacking libpsl5:amd64 (0.21.2-1) ...
2025-05-23T17:07:51.0180227Z #8 8.801 Selecting previously unselected package librtmp1:amd64.
2025-05-23T17:07:51.0180791Z #8 8.801 Preparing to unpack .../06-librtmp1_2.4+20151223.gitfa8646d.1-2+b2_amd64.deb ...
2025-05-23T17:07:51.0181362Z #8 8.808 Unpacking librtmp1:amd64 (2.4+20151223.gitfa8646d.1-2+b2) ...
2025-05-23T17:07:51.0182001Z #8 8.891 Selecting previously unselected package libssh2-1:amd64.
2025-05-23T17:07:51.0182515Z #8 8.895 Preparing to unpack .../07-libssh2-1_1.10.0-3+b1_amd64.deb ...
2025-05-23T17:07:51.0182968Z #8 8.902 Unpacking libssh2-1:amd64 (1.10.0-3+b1) ...
2025-05-23T17:07:51.0183412Z #8 9.000 Selecting previously unselected package libcurl4:amd64.
2025-05-23T17:07:51.0183930Z #8 9.004 Preparing to unpack .../08-libcurl4_7.88.1-10+deb12u12_amd64.deb ...
2025-05-23T17:07:51.0184412Z #8 9.011 Unpacking libcurl4:amd64 (7.88.1-10+deb12u12) ...
2025-05-23T17:07:51.0184835Z #8 9.117 Selecting previously unselected package curl.
2025-05-23T17:07:51.0185293Z #8 9.120 Preparing to unpack .../09-curl_7.88.1-10+deb12u12_amd64.deb ...
2025-05-23T17:07:51.0185740Z #8 9.128 Unpacking curl (7.88.1-10+deb12u12) ...
2025-05-23T17:07:51.0186161Z #8 9.243 Selecting previously unselected package libldap-common.
2025-05-23T17:07:51.0186670Z #8 9.247 Preparing to unpack .../10-libldap-common_2.5.13+dfsg-5_all.deb ...
2025-05-23T17:07:51.0187160Z #8 9.257 Unpacking libldap-common (2.5.13+dfsg-5) ...
2025-05-23T17:07:51.0187690Z #8 9.346 Selecting previously unselected package libsasl2-modules:amd64.
2025-05-23T17:07:51.0188145Z #8 9.349 Preparing to unpack .../11-libsasl2-modules_2.1.28+dfsg-10_amd64.deb ...
2025-05-23T17:07:51.0188573Z #8 9.369 Unpacking libsasl2-modules:amd64 (2.1.28+dfsg-10) ...
2025-05-23T17:07:51.0188942Z #8 9.446 Selecting previously unselected package publicsuffix.
2025-05-23T17:07:51.0189345Z #8 9.450 Preparing to unpack .../12-publicsuffix_20230209.2326-1_all.deb ...
2025-05-23T17:07:51.0189730Z #8 9.458 Unpacking publicsuffix (20230209.2326-1) ...
2025-05-23T17:07:51.0190041Z #8 9.563 Setting up libpsl5:amd64 (0.21.2-1) ...
2025-05-23T17:07:51.0190346Z #8 9.576 Setting up libbrotli1:amd64 (1.0.9-2+b6) ...
2025-05-23T17:07:51.0190699Z #8 9.587 Setting up libsasl2-modules:amd64 (2.1.28+dfsg-10) ...
2025-05-23T17:07:51.0191098Z #8 9.611 Setting up libnghttp2-14:amd64 (1.52.0-1+deb12u2) ...
2025-05-23T17:07:51.0191441Z #8 9.630 Setting up libldap-common (2.5.13+dfsg-5) ...
2025-05-23T17:07:51.0191812Z #8 9.663 Setting up libsasl2-modules-db:amd64 (2.1.28+dfsg-10) ...
2025-05-23T17:07:51.0192211Z #8 9.683 Setting up librtmp1:amd64 (2.4+20151223.gitfa8646d.1-2+b2) ...
2025-05-23T17:07:51.0192590Z #8 9.704 Setting up libsasl2-2:amd64 (2.1.28+dfsg-10) ...
2025-05-23T17:07:51.0192918Z #8 9.726 Setting up libssh2-1:amd64 (1.10.0-3+b1) ...
2025-05-23T17:07:51.0193226Z #8 9.748 Setting up publicsuffix (20230209.2326-1) ...
2025-05-23T17:07:51.0193564Z #8 9.773 Setting up libldap-2.5-0:amd64 (2.5.13+dfsg-5) ...
2025-05-23T17:07:51.0193906Z #8 9.794 Setting up libcurl4:amd64 (7.88.1-10+deb12u12) ...
2025-05-23T17:07:51.0194232Z #8 9.817 Setting up curl (7.88.1-10+deb12u12) ...
2025-05-23T17:07:51.0194580Z #8 9.835 Processing triggers for libc-bin (2.36-9+deb12u10) ...
2025-05-23T17:07:51.0194897Z #8 DONE 10.1s
2025-05-23T17:07:51.1684349Z 
2025-05-23T17:07:51.1685615Z #7 [app builder 3/7] RUN apt-get update && apt-get install -y     curl     build-essential     && rm -rf /var/lib/apt/lists/*
2025-05-23T17:07:51.2019171Z #7 10.31 debconf: delaying package configuration, since apt-utils is not installed
2025-05-23T17:07:51.4497564Z #7 10.35 Fetched 99.8 MB in 2s (59.1 MB/s)
2025-05-23T17:07:51.4498599Z #7 10.39 Selecting previously unselected package perl-modules-5.36.
2025-05-23T17:07:51.4499714Z #7 10.39 (Reading database ... 
2025-05-23T17:07:51.4500153Z (Reading database ... 5%
2025-05-23T17:07:51.4500531Z (Reading database ... 10%
2025-05-23T17:07:51.4500906Z (Reading database ... 15%
2025-05-23T17:07:51.4501277Z (Reading database ... 20%
2025-05-23T17:07:51.4501641Z (Reading database ... 25%
2025-05-23T17:07:51.4502002Z (Reading database ... 30%
2025-05-23T17:07:51.4502367Z (Reading database ... 35%
2025-05-23T17:07:51.4502725Z (Reading database ... 40%
2025-05-23T17:07:51.4503085Z (Reading database ... 45%
2025-05-23T17:07:51.4503449Z (Reading database ... 50%
2025-05-23T17:07:51.4503809Z (Reading database ... 55%
2025-05-23T17:07:51.4504168Z (Reading database ... 60%
2025-05-23T17:07:51.4504727Z (Reading database ... 65%
2025-05-23T17:07:51.4505084Z (Reading database ... 70%
2025-05-23T17:07:51.4505371Z (Reading database ... 75%
2025-05-23T17:07:51.4505664Z (Reading database ... 80%
2025-05-23T17:07:51.4505936Z (Reading database ... 85%
2025-05-23T17:07:51.4506206Z (Reading database ... 90%
2025-05-23T17:07:51.4506472Z (Reading database ... 95%
2025-05-23T17:07:51.4506747Z (Reading database ... 100%
2025-05-23T17:07:51.4507140Z (Reading database ... 6686 files and directories currently installed.)
2025-05-23T17:07:51.4508011Z #7 10.40 Preparing to unpack .../000-perl-modules-5.36_5.36.0-7+deb12u2_all.deb ...
2025-05-23T17:07:51.4508531Z #7 10.40 Unpacking perl-modules-5.36 (5.36.0-7+deb12u2) ...
2025-05-23T17:07:51.8020870Z #7 10.90 Selecting previously unselected package libgdbm-compat4:amd64.
2025-05-23T17:07:52.0362231Z #7 10.90 Preparing to unpack .../001-libgdbm-compat4_1.23-3_amd64.deb ...
2025-05-23T17:07:52.0363016Z #7 10.92 Unpacking libgdbm-compat4:amd64 (1.23-3) ...
2025-05-23T17:07:52.0363683Z #7 10.98 Selecting previously unselected package libperl5.36:amd64.
2025-05-23T17:07:52.0364378Z #7 10.98 Preparing to unpack .../002-libperl5.36_5.36.0-7+deb12u2_amd64.deb ...
2025-05-23T17:07:52.0364998Z #7 10.99 Unpacking libperl5.36:amd64 (5.36.0-7+deb12u2) ...
2025-05-23T17:07:52.5070642Z #7 11.61 Selecting previously unselected package perl.
2025-05-23T17:07:52.5071520Z #7 11.61 Preparing to unpack .../003-perl_5.36.0-7+deb12u2_amd64.deb ...
2025-05-23T17:07:52.6405040Z #7 11.62 Unpacking perl (5.36.0-7+deb12u2) ...
2025-05-23T17:07:52.6405948Z #7 11.69 Selecting previously unselected package liblocale-gettext-perl.
2025-05-23T17:07:52.6406762Z #7 11.69 Preparing to unpack .../004-liblocale-gettext-perl_1.07-5_amd64.deb ...
2025-05-23T17:07:52.6407752Z #7 11.70 Unpacking liblocale-gettext-perl (1.07-5) ...
2025-05-23T17:07:52.6408336Z #7 11.74 Selecting previously unselected package bzip2.
2025-05-23T17:07:52.8462365Z #7 11.74 Preparing to unpack .../005-bzip2_1.0.8-5+b1_amd64.deb ...
2025-05-23T17:07:52.8463358Z #7 11.75 Unpacking bzip2 (1.0.8-5+b1) ...
2025-05-23T17:07:52.8463957Z #7 11.80 Selecting previously unselected package manpages.
2025-05-23T17:07:52.8464603Z #7 11.80 Preparing to unpack .../006-manpages_6.03-2_all.deb ...
2025-05-23T17:07:52.8465173Z #7 11.81 Unpacking manpages (6.03-2) ...
2025-05-23T17:07:52.8465695Z #7 11.95 Selecting previously unselected package xz-utils.
2025-05-23T17:07:52.8466316Z #7 11.95 Preparing to unpack .../007-xz-utils_5.4.1-1_amd64.deb ...
2025-05-23T17:07:52.9505394Z #7 11.96 Unpacking xz-utils (5.4.1-1) ...
2025-05-23T17:07:52.9506344Z #7 12.05 Selecting previously unselected package binutils-common:amd64.
2025-05-23T17:07:53.1090489Z #7 12.05 Preparing to unpack .../008-binutils-common_2.40-2_amd64.deb ...
2025-05-23T17:07:53.1091402Z #7 12.06 Unpacking binutils-common:amd64 (2.40-2) ...
2025-05-23T17:07:53.2435044Z #7 12.35 Selecting previously unselected package libbinutils:amd64.
2025-05-23T17:07:53.3590036Z #7 12.35 Preparing to unpack .../009-libbinutils_2.40-2_amd64.deb ...
2025-05-23T17:07:53.3590858Z #7 12.36 Unpacking libbinutils:amd64 (2.40-2) ...
2025-05-23T17:07:53.3591413Z #7 12.46 Selecting previously unselected package libctf-nobfd0:amd64.
2025-05-23T17:07:53.5054869Z #7 12.46 Preparing to unpack .../010-libctf-nobfd0_2.40-2_amd64.deb ...
2025-05-23T17:07:53.5056140Z #7 12.47 Unpacking libctf-nobfd0:amd64 (2.40-2) ...
2025-05-23T17:07:53.5056735Z #7 12.54 Selecting previously unselected package libctf0:amd64.
2025-05-23T17:07:53.5057703Z #7 12.54 Preparing to unpack .../011-libctf0_2.40-2_amd64.deb ...
2025-05-23T17:07:53.5058269Z #7 12.54 Unpacking libctf0:amd64 (2.40-2) ...
2025-05-23T17:07:53.6512985Z #7 12.61 Selecting previously unselected package libgprofng0:amd64.
2025-05-23T17:07:53.6513945Z #7 12.61 Preparing to unpack .../012-libgprofng0_2.40-2_amd64.deb ...
2025-05-23T17:07:53.6514583Z #7 12.62 Unpacking libgprofng0:amd64 (2.40-2) ...
2025-05-23T17:07:53.6515648Z #7 12.75 Selecting previously unselected package libjansson4:amd64.
2025-05-23T17:07:53.6516361Z #7 12.75 Preparing to unpack .../013-libjansson4_2.14-2_amd64.deb ...
2025-05-23T17:07:53.8601050Z #7 12.76 Unpacking libjansson4:amd64 (2.14-2) ...
2025-05-23T17:07:53.8613195Z #7 12.80 Selecting previously unselected package binutils-x86-64-linux-gnu.
2025-05-23T17:07:53.8614181Z #7 12.81 Preparing to unpack .../014-binutils-x86-64-linux-gnu_2.40-2_amd64.deb ...
2025-05-23T17:07:53.8614758Z #7 12.81 Unpacking binutils-x86-64-linux-gnu (2.40-2) ...
2025-05-23T17:07:54.0099145Z #7 13.11 Selecting previously unselected package binutils.
2025-05-23T17:07:54.1308030Z #7 13.11 Preparing to unpack .../015-binutils_2.40-2_amd64.deb ...
2025-05-23T17:07:54.1308844Z #7 13.12 Unpacking binutils (2.40-2) ...
2025-05-23T17:07:54.1318244Z #7 13.18 Selecting previously unselected package libc-dev-bin.
2025-05-23T17:07:54.1319153Z #7 13.18 Preparing to unpack .../016-libc-dev-bin_2.36-9+deb12u10_amd64.deb ...
2025-05-23T17:07:54.1319730Z #7 13.18 Unpacking libc-dev-bin (2.36-9+deb12u10) ...
2025-05-23T17:07:54.1320242Z #7 13.23 Selecting previously unselected package linux-libc-dev:amd64.
2025-05-23T17:07:54.2898635Z #7 13.24 Preparing to unpack .../017-linux-libc-dev_6.1.137-1_amd64.deb ...
2025-05-23T17:07:54.2899327Z #7 13.24 Unpacking linux-libc-dev:amd64 (6.1.137-1) ...
2025-05-23T17:07:54.4399458Z #7 13.54 Selecting previously unselected package libcrypt-dev:amd64.
2025-05-23T17:07:54.5844256Z #7 13.54 Preparing to unpack .../018-libcrypt-dev_1%3a4.4.33-2_amd64.deb ...
2025-05-23T17:07:54.5845148Z #7 13.56 Unpacking libcrypt-dev:amd64 (1:4.4.33-2) ...
2025-05-23T17:07:54.5845785Z #7 13.61 Selecting previously unselected package libtirpc-dev:amd64.
2025-05-23T17:07:54.5846517Z #7 13.61 Preparing to unpack .../019-libtirpc-dev_1.3.3+ds-1_amd64.deb ...
2025-05-23T17:07:54.5847146Z #7 13.62 Unpacking libtirpc-dev:amd64 (1.3.3+ds-1) ...
2025-05-23T17:07:54.5848018Z #7 13.69 Selecting previously unselected package libnsl-dev:amd64.
2025-05-23T17:07:54.7057969Z #7 13.69 Preparing to unpack .../020-libnsl-dev_1.3.0-2_amd64.deb ...
2025-05-23T17:07:54.7058804Z #7 13.70 Unpacking libnsl-dev:amd64 (1.3.0-2) ...
2025-05-23T17:07:54.7059286Z #7 13.75 Selecting previously unselected package rpcsvc-proto.
2025-05-23T17:07:54.7059826Z #7 13.75 Preparing to unpack .../021-rpcsvc-proto_1.4.3-1_amd64.deb ...
2025-05-23T17:07:54.7060331Z #7 13.75 Unpacking rpcsvc-proto (1.4.3-1) ...
2025-05-23T17:07:54.7060776Z #7 13.81 Selecting previously unselected package libc6-dev:amd64.
2025-05-23T17:07:54.8635493Z #7 13.81 Preparing to unpack .../022-libc6-dev_2.36-9+deb12u10_amd64.deb ...
2025-05-23T17:07:54.8636412Z #7 13.82 Unpacking libc6-dev:amd64 (2.36-9+deb12u10) ...
2025-05-23T17:07:55.0538382Z #7 14.16 Selecting previously unselected package libisl23:amd64.
2025-05-23T17:07:55.1660467Z #7 14.16 Preparing to unpack .../023-libisl23_0.25-1.1_amd64.deb ...
2025-05-23T17:07:55.1661253Z #7 14.16 Unpacking libisl23:amd64 (0.25-1.1) ...
2025-05-23T17:07:55.1661846Z #7 14.27 Selecting previously unselected package libmpfr6:amd64.
2025-05-23T17:07:55.2803115Z #7 14.27 Preparing to unpack .../024-libmpfr6_4.2.0-1_amd64.deb ...
2025-05-23T17:07:55.2804043Z #7 14.27 Unpacking libmpfr6:amd64 (4.2.0-1) ...
2025-05-23T17:07:55.2804705Z #7 14.35 Selecting previously unselected package libmpc3:amd64.
2025-05-23T17:07:55.2805886Z #7 14.35 Preparing to unpack .../025-libmpc3_1.3.1-1_amd64.deb ...
2025-05-23T17:07:55.2806525Z #7 14.35 Unpacking libmpc3:amd64 (1.3.1-1) ...
2025-05-23T17:07:55.2807117Z #7 14.38 Selecting previously unselected package cpp-12.
2025-05-23T17:07:55.4342147Z #7 14.38 Preparing to unpack .../026-cpp-12_12.2.0-14+deb12u1_amd64.deb ...
2025-05-23T17:07:55.4342974Z #7 14.39 Unpacking cpp-12 (12.2.0-14+deb12u1) ...
2025-05-23T17:07:56.2828537Z #7 15.39 Selecting previously unselected package cpp.
2025-05-23T17:07:56.4129123Z #7 15.39 Preparing to unpack .../027-cpp_4%3a12.2.0-3_amd64.deb ...
2025-05-23T17:07:56.4129749Z #7 15.39 Unpacking cpp (4:12.2.0-3) ...
2025-05-23T17:07:56.4130625Z #7 15.45 Selecting previously unselected package libcc1-0:amd64.
2025-05-23T17:07:56.4131212Z #7 15.45 Preparing to unpack .../028-libcc1-0_12.2.0-14+deb12u1_amd64.deb ...
2025-05-23T17:07:56.4131734Z #7 15.46 Unpacking libcc1-0:amd64 (12.2.0-14+deb12u1) ...
2025-05-23T17:07:56.4132225Z #7 15.52 Selecting previously unselected package libgomp1:amd64.
2025-05-23T17:07:56.5416988Z #7 15.52 Preparing to unpack .../029-libgomp1_12.2.0-14+deb12u1_amd64.deb ...
2025-05-23T17:07:56.5418066Z #7 15.52 Unpacking libgomp1:amd64 (12.2.0-14+deb12u1) ...
2025-05-23T17:07:56.5418569Z #7 15.59 Selecting previously unselected package libitm1:amd64.
2025-05-23T17:07:56.5419150Z #7 15.59 Preparing to unpack .../030-libitm1_12.2.0-14+deb12u1_amd64.deb ...
2025-05-23T17:07:56.5419656Z #7 15.59 Unpacking libitm1:amd64 (12.2.0-14+deb12u1) ...
2025-05-23T17:07:56.7533636Z #7 15.64 Selecting previously unselected package libatomic1:amd64.
2025-05-23T17:07:56.7534610Z #7 15.65 Preparing to unpack .../031-libatomic1_12.2.0-14+deb12u1_amd64.deb ...
2025-05-23T17:07:56.7535186Z #7 15.65 Unpacking libatomic1:amd64 (12.2.0-14+deb12u1) ...
2025-05-23T17:07:56.7535684Z #7 15.70 Selecting previously unselected package libasan8:amd64.
2025-05-23T17:07:56.7536249Z #7 15.70 Preparing to unpack .../032-libasan8_12.2.0-14+deb12u1_amd64.deb ...
2025-05-23T17:07:56.7536793Z #7 15.71 Unpacking libasan8:amd64 (12.2.0-14+deb12u1) ...
2025-05-23T17:07:56.8748784Z #7 15.98 Selecting previously unselected package liblsan0:amd64.
2025-05-23T17:07:57.0108615Z #7 15.98 Preparing to unpack .../033-liblsan0_12.2.0-14+deb12u1_amd64.deb ...
2025-05-23T17:07:57.0109589Z #7 15.98 Unpacking liblsan0:amd64 (12.2.0-14+deb12u1) ...
2025-05-23T17:07:57.0110144Z #7 16.11 Selecting previously unselected package libtsan2:amd64.
2025-05-23T17:07:57.1681671Z #7 16.11 Preparing to unpack .../034-libtsan2_12.2.0-14+deb12u1_amd64.deb ...
2025-05-23T17:07:57.1682598Z #7 16.12 Unpacking libtsan2:amd64 (12.2.0-14+deb12u1) ...
2025-05-23T17:07:57.4136867Z #7 16.38 Selecting previously unselected package libubsan1:amd64.
2025-05-23T17:07:57.4138079Z #7 16.39 Preparing to unpack .../035-libubsan1_12.2.0-14+deb12u1_amd64.deb ...
2025-05-23T17:07:57.4138606Z #7 16.39 Unpacking libubsan1:amd64 (12.2.0-14+deb12u1) ...
2025-05-23T17:07:57.6231882Z #7 16.52 Selecting previously unselected package libquadmath0:amd64.
2025-05-23T17:07:57.6232849Z #7 16.52 Preparing to unpack .../036-libquadmath0_12.2.0-14+deb12u1_amd64.deb ...
2025-05-23T17:07:57.6233522Z #7 16.52 Unpacking libquadmath0:amd64 (12.2.0-14+deb12u1) ...
2025-05-23T17:07:57.6234136Z #7 16.57 Selecting previously unselected package libgcc-12-dev:amd64.
2025-05-23T17:07:57.6234813Z #7 16.57 Preparing to unpack .../037-libgcc-12-dev_12.2.0-14+deb12u1_amd64.deb ...
2025-05-23T17:07:57.6235451Z #7 16.57 Unpacking libgcc-12-dev:amd64 (12.2.0-14+deb12u1) ...
2025-05-23T17:07:57.7616181Z #7 16.86 Selecting previously unselected package gcc-12.
2025-05-23T17:07:57.9203646Z #7 16.87 Preparing to unpack .../038-gcc-12_12.2.0-14+deb12u1_amd64.deb ...
2025-05-23T17:07:57.9204606Z #7 16.87 Unpacking gcc-12 (12.2.0-14+deb12u1) ...
2025-05-23T17:07:59.7097840Z #7 18.81 Selecting previously unselected package gcc.
2025-05-23T17:07:59.9275206Z #7 18.81 Preparing to unpack .../039-gcc_4%3a12.2.0-3_amd64.deb ...
2025-05-23T17:07:59.9276312Z #7 18.82 Unpacking gcc (4:12.2.0-3) ...
2025-05-23T17:07:59.9276869Z #7 18.87 Selecting previously unselected package libstdc++-12-dev:amd64.
2025-05-23T17:07:59.9277962Z #7 18.87 Preparing to unpack .../040-libstdc++-12-dev_12.2.0-14+deb12u1_amd64.deb ...
2025-05-23T17:07:59.9278656Z #7 18.88 Unpacking libstdc++-12-dev:amd64 (12.2.0-14+deb12u1) ...
2025-05-23T17:08:00.1596094Z #7 19.26 Selecting previously unselected package g++-12.
2025-05-23T17:08:00.3194372Z #7 19.26 Preparing to unpack .../041-g++-12_12.2.0-14+deb12u1_amd64.deb ...
2025-05-23T17:08:00.3195087Z #7 19.27 Unpacking g++-12 (12.2.0-14+deb12u1) ...
2025-05-23T17:08:01.2464463Z #7 20.35 Selecting previously unselected package g++.
2025-05-23T17:08:01.3563997Z #7 20.35 Preparing to unpack .../042-g++_4%3a12.2.0-3_amd64.deb ...
2025-05-23T17:08:01.3564695Z #7 20.35 Unpacking g++ (4:12.2.0-3) ...
2025-05-23T17:08:01.3565220Z #7 20.38 Selecting previously unselected package make.
2025-05-23T17:08:01.3565825Z #7 20.38 Preparing to unpack .../043-make_4.3-4.1_amd64.deb ...
2025-05-23T17:08:01.3566388Z #7 20.39 Unpacking make (4.3-4.1) ...
2025-05-23T17:08:01.3566915Z #7 20.46 Selecting previously unselected package libdpkg-perl.
2025-05-23T17:08:01.5008542Z #7 20.46 Preparing to unpack .../044-libdpkg-perl_1.21.22_all.deb ...
2025-05-23T17:08:01.5009324Z #7 20.46 Unpacking libdpkg-perl (1.21.22) ...
2025-05-23T17:08:01.5009903Z #7 20.55 Selecting previously unselected package patch.
2025-05-23T17:08:01.5010523Z #7 20.55 Preparing to unpack .../045-patch_2.7.6-7_amd64.deb ...
2025-05-23T17:08:01.5011069Z #7 20.56 Unpacking patch (2.7.6-7) ...
2025-05-23T17:08:01.5011593Z #7 20.60 Selecting previously unselected package dpkg-dev.
2025-05-23T17:08:01.5012238Z #7 20.60 Preparing to unpack .../046-dpkg-dev_1.21.22_all.deb ...
2025-05-23T17:08:01.6556514Z #7 20.61 Unpacking dpkg-dev (1.21.22) ...
2025-05-23T17:08:01.6557671Z #7 20.76 Selecting previously unselected package build-essential.
2025-05-23T17:08:01.7708442Z #7 20.76 Preparing to unpack .../047-build-essential_12.9_amd64.deb ...
2025-05-23T17:08:01.7709178Z #7 20.76 Unpacking build-essential (12.9) ...
2025-05-23T17:08:01.7709719Z #7 20.81 Selecting previously unselected package libbrotli1:amd64.
2025-05-23T17:08:01.7710351Z #7 20.81 Preparing to unpack .../048-libbrotli1_1.0.9-2+b6_amd64.deb ...
2025-05-23T17:08:01.7710899Z #7 20.81 Unpacking libbrotli1:amd64 (1.0.9-2+b6) ...
2025-05-23T17:08:01.7711484Z #7 20.87 Selecting previously unselected package libsasl2-modules-db:amd64.
2025-05-23T17:08:01.8748742Z #7 20.88 Preparing to unpack .../049-libsasl2-modules-db_2.1.28+dfsg-10_amd64.deb ...
2025-05-23T17:08:01.8749593Z #7 20.88 Unpacking libsasl2-modules-db:amd64 (2.1.28+dfsg-10) ...
2025-05-23T17:08:01.8750309Z #7 20.92 Selecting previously unselected package libsasl2-2:amd64.
2025-05-23T17:08:01.8750973Z #7 20.92 Preparing to unpack .../050-libsasl2-2_2.1.28+dfsg-10_amd64.deb ...
2025-05-23T17:08:01.8751465Z #7 20.93 Unpacking libsasl2-2:amd64 (2.1.28+dfsg-10) ...
2025-05-23T17:08:01.8751885Z #7 20.98 Selecting previously unselected package libldap-2.5-0:amd64.
2025-05-23T17:08:02.0260513Z #7 20.98 Preparing to unpack .../051-libldap-2.5-0_2.5.13+dfsg-5_amd64.deb ...
2025-05-23T17:08:02.0261541Z #7 20.99 Unpacking libldap-2.5-0:amd64 (2.5.13+dfsg-5) ...
2025-05-23T17:08:02.0262286Z #7 21.06 Selecting previously unselected package libnghttp2-14:amd64.
2025-05-23T17:08:02.0263132Z #7 21.06 Preparing to unpack .../052-libnghttp2-14_1.52.0-1+deb12u2_amd64.deb ...
2025-05-23T17:08:02.0263836Z #7 21.07 Unpacking libnghttp2-14:amd64 (1.52.0-1+deb12u2) ...
2025-05-23T17:08:02.0264393Z #7 21.13 Selecting previously unselected package libpsl5:amd64.
2025-05-23T17:08:02.1644001Z #7 21.13 Preparing to unpack .../053-libpsl5_0.21.2-1_amd64.deb ...
2025-05-23T17:08:02.1644909Z #7 21.14 Unpacking libpsl5:amd64 (0.21.2-1) ...
2025-05-23T17:08:02.1645520Z #7 21.20 Selecting previously unselected package librtmp1:amd64.
2025-05-23T17:08:02.1646263Z #7 21.20 Preparing to unpack .../054-librtmp1_2.4+20151223.gitfa8646d.1-2+b2_amd64.deb ...
2025-05-23T17:08:02.1647659Z #7 21.21 Unpacking librtmp1:amd64 (2.4+20151223.gitfa8646d.1-2+b2) ...
2025-05-23T17:08:02.1648212Z #7 21.27 Selecting previously unselected package libssh2-1:amd64.
2025-05-23T17:08:02.3306192Z #7 21.27 Preparing to unpack .../055-libssh2-1_1.10.0-3+b1_amd64.deb ...
2025-05-23T17:08:02.3307472Z #7 21.28 Unpacking libssh2-1:amd64 (1.10.0-3+b1) ...
2025-05-23T17:08:02.3308433Z #7 21.35 Selecting previously unselected package libcurl4:amd64.
2025-05-23T17:08:02.3309370Z #7 21.35 Preparing to unpack .../056-libcurl4_7.88.1-10+deb12u12_amd64.deb ...
2025-05-23T17:08:02.3309990Z #7 21.36 Unpacking libcurl4:amd64 (7.88.1-10+deb12u12) ...
2025-05-23T17:08:02.3310858Z #7 21.43 Selecting previously unselected package curl.
2025-05-23T17:08:02.4802451Z #7 21.43 Preparing to unpack .../057-curl_7.88.1-10+deb12u12_amd64.deb ...
2025-05-23T17:08:02.4803327Z #7 21.44 Unpacking curl (7.88.1-10+deb12u12) ...
2025-05-23T17:08:02.4804010Z #7 21.52 Selecting previously unselected package libassuan0:amd64.
2025-05-23T17:08:02.4804961Z #7 21.52 Preparing to unpack .../058-libassuan0_2.5.5-5_amd64.deb ...
2025-05-23T17:08:02.4805726Z #7 21.53 Unpacking libassuan0:amd64 (2.5.5-5) ...
2025-05-23T17:08:02.4806625Z #7 21.58 Selecting previously unselected package gpgconf.
2025-05-23T17:08:02.6327077Z #7 21.58 Preparing to unpack .../059-gpgconf_2.2.40-1.1_amd64.deb ...
2025-05-23T17:08:02.6328355Z #7 21.59 Unpacking gpgconf (2.2.40-1.1) ...
2025-05-23T17:08:02.6329024Z #7 21.66 Selecting previously unselected package libksba8:amd64.
2025-05-23T17:08:02.6329649Z #7 21.66 Preparing to unpack .../060-libksba8_1.6.3-2_amd64.deb ...
2025-05-23T17:08:02.6331112Z #7 21.67 Unpacking libksba8:amd64 (1.6.3-2) ...
2025-05-23T17:08:02.6331712Z #7 21.74 Selecting previously unselected package libnpth0:amd64.
2025-05-23T17:08:02.8183762Z #7 21.74 Preparing to unpack .../061-libnpth0_1.6-3_amd64.deb ...
2025-05-23T17:08:02.8184398Z #7 21.75 Unpacking libnpth0:amd64 (1.6-3) ...
2025-05-23T17:08:02.8184806Z #7 21.80 Selecting previously unselected package dirmngr.
2025-05-23T17:08:02.8185249Z #7 21.81 Preparing to unpack .../062-dirmngr_2.2.40-1.1_amd64.deb ...
2025-05-23T17:08:02.8185629Z #7 21.83 Unpacking dirmngr (2.2.40-1.1) ...
2025-05-23T17:08:02.8186002Z #7 21.92 Selecting previously unselected package libfakeroot:amd64.
2025-05-23T17:08:02.9455494Z #7 21.92 Preparing to unpack .../063-libfakeroot_1.31-1.2_amd64.deb ...
2025-05-23T17:08:02.9456457Z #7 21.93 Unpacking libfakeroot:amd64 (1.31-1.2) ...
2025-05-23T17:08:02.9457112Z #7 21.98 Selecting previously unselected package fakeroot.
2025-05-23T17:08:02.9458130Z #7 21.99 Preparing to unpack .../064-fakeroot_1.31-1.2_amd64.deb ...
2025-05-23T17:08:02.9458792Z #7 21.99 Unpacking fakeroot (1.31-1.2) ...
2025-05-23T17:08:02.9459435Z #7 22.05 Selecting previously unselected package fonts-dejavu-core.
2025-05-23T17:08:03.1048850Z #7 22.05 Preparing to unpack .../065-fonts-dejavu-core_2.37-6_all.deb ...
2025-05-23T17:08:03.1049701Z #7 22.06 Unpacking fonts-dejavu-core (2.37-6) ...
2025-05-23T17:08:03.1324227Z #7 22.23 Selecting previously unselected package fontconfig-config.
2025-05-23T17:08:03.2431590Z #7 22.24 Preparing to unpack .../066-fontconfig-config_2.14.1-4_amd64.deb ...
2025-05-23T17:08:03.4360139Z #7 22.35 Unpacking fontconfig-config (2.14.1-4) ...
2025-05-23T17:08:03.4360921Z #7 22.41 Selecting previously unselected package gnupg-l10n.
2025-05-23T17:08:03.4361554Z #7 22.41 Preparing to unpack .../067-gnupg-l10n_2.2.40-1.1_all.deb ...
2025-05-23T17:08:03.4362045Z #7 22.42 Unpacking gnupg-l10n (2.2.40-1.1) ...
2025-05-23T17:08:03.4362502Z #7 22.54 Selecting previously unselected package gnupg-utils.
2025-05-23T17:08:03.5414441Z #7 22.54 Preparing to unpack .../068-gnupg-utils_2.2.40-1.1_amd64.deb ...
2025-05-23T17:08:03.5415251Z #7 22.55 Unpacking gnupg-utils (2.2.40-1.1) ...
2025-05-23T17:08:03.6546422Z #7 22.64 Selecting previously unselected package gpg.
2025-05-23T17:08:03.6547609Z #7 22.65 Preparing to unpack .../069-gpg_2.2.40-1.1_amd64.deb ...
2025-05-23T17:08:03.6548583Z #7 22.66 Unpacking gpg (2.2.40-1.1) ...
2025-05-23T17:08:03.6549160Z #7 22.76 Selecting previously unselected package pinentry-curses.
2025-05-23T17:08:03.8069974Z #7 22.76 Preparing to unpack .../070-pinentry-curses_1.2.1-1_amd64.deb ...
2025-05-23T17:08:03.8070866Z #7 22.77 Unpacking pinentry-curses (1.2.1-1) ...
2025-05-23T17:08:03.8071459Z #7 22.83 Selecting previously unselected package gpg-agent.
2025-05-23T17:08:03.8072131Z #7 22.83 Preparing to unpack .../071-gpg-agent_2.2.40-1.1_amd64.deb ...
2025-05-23T17:08:03.8072734Z #7 22.83 Unpacking gpg-agent (2.2.40-1.1) ...
2025-05-23T17:08:03.8073300Z #7 22.91 Selecting previously unselected package gpg-wks-client.
2025-05-23T17:08:03.9716910Z #7 22.91 Preparing to unpack .../072-gpg-wks-client_2.2.40-1.1_amd64.deb ...
2025-05-23T17:08:03.9718011Z #7 22.92 Unpacking gpg-wks-client (2.2.40-1.1) ...
2025-05-23T17:08:03.9718636Z #7 22.98 Selecting previously unselected package gpg-wks-server.
2025-05-23T17:08:03.9719374Z #7 22.98 Preparing to unpack .../073-gpg-wks-server_2.2.40-1.1_amd64.deb ...
2025-05-23T17:08:03.9720006Z #7 22.99 Unpacking gpg-wks-server (2.2.40-1.1) ...
2025-05-23T17:08:04.1477090Z #7 23.06 Selecting previously unselected package gpgsm.
2025-05-23T17:08:04.1478274Z #7 23.06 Preparing to unpack .../074-gpgsm_2.2.40-1.1_amd64.deb ...
2025-05-23T17:08:04.1478873Z #7 23.07 Unpacking gpgsm (2.2.40-1.1) ...
2025-05-23T17:08:04.1479403Z #7 23.15 Selecting previously unselected package gnupg.
2025-05-23T17:08:04.1480000Z #7 23.15 Preparing to unpack .../075-gnupg_2.2.40-1.1_all.deb ...
2025-05-23T17:08:04.1480542Z #7 23.16 Unpacking gnupg (2.2.40-1.1) ...
2025-05-23T17:08:04.1481123Z #7 23.25 Selecting previously unselected package libabsl20220623:amd64.
2025-05-23T17:08:04.2578981Z #7 23.25 Preparing to unpack .../076-libabsl20220623_20220623.1-1+deb12u2_amd64.deb ...
2025-05-23T17:08:04.2579900Z #7 23.26 Unpacking libabsl20220623:amd64 (20220623.1-1+deb12u2) ...
2025-05-23T17:08:04.2580642Z #7 23.36 Selecting previously unselected package libalgorithm-diff-perl.
2025-05-23T17:08:04.3655466Z #7 23.36 Preparing to unpack .../077-libalgorithm-diff-perl_1.201-1_all.deb ...
2025-05-23T17:08:04.3656386Z #7 23.37 Unpacking libalgorithm-diff-perl (1.201-1) ...
2025-05-23T17:08:04.3657144Z #7 23.42 Selecting previously unselected package libalgorithm-diff-xs-perl:amd64.
2025-05-23T17:08:04.3658210Z #7 23.42 Preparing to unpack .../078-libalgorithm-diff-xs-perl_0.04-8+b1_amd64.deb ...
2025-05-23T17:08:04.3658834Z #7 23.42 Unpacking libalgorithm-diff-xs-perl:amd64 (0.04-8+b1) ...
2025-05-23T17:08:04.3659416Z #7 23.47 Selecting previously unselected package libalgorithm-merge-perl.
2025-05-23T17:08:04.5885410Z #7 23.47 Preparing to unpack .../079-libalgorithm-merge-perl_0.08-5_all.deb ...
2025-05-23T17:08:04.5886066Z #7 23.48 Unpacking libalgorithm-merge-perl (0.08-5) ...
2025-05-23T17:08:04.5886607Z #7 23.53 Selecting previously unselected package libaom3:amd64.
2025-05-23T17:08:04.5887496Z #7 23.53 Preparing to unpack .../080-libaom3_3.6.0-1+deb12u1_amd64.deb ...
2025-05-23T17:08:04.5888396Z #7 23.54 Unpacking libaom3:amd64 (3.6.0-1+deb12u1) ...
2025-05-23T17:08:04.6690064Z #7 23.77 Selecting previously unselected package libdav1d6:amd64.
2025-05-23T17:08:04.7718877Z #7 23.77 Preparing to unpack .../081-libdav1d6_1.0.0-2+deb12u1_amd64.deb ...
2025-05-23T17:08:04.7719608Z #7 23.78 Unpacking libdav1d6:amd64 (1.0.0-2+deb12u1) ...
2025-05-23T17:08:04.7720263Z #7 23.87 Selecting previously unselected package libgav1-1:amd64.
2025-05-23T17:08:04.7720960Z #7 23.87 Preparing to unpack .../082-libgav1-1_0.18.0-1+b1_amd64.deb ...
2025-05-23T17:08:04.7721581Z #7 23.87 Unpacking libgav1-1:amd64 (0.18.0-1+b1) ...
2025-05-23T17:08:04.9855540Z #7 23.95 Selecting previously unselected package librav1e0:amd64.
2025-05-23T17:08:04.9856250Z #7 23.95 Preparing to unpack .../083-librav1e0_0.5.1-6_amd64.deb ...
2025-05-23T17:08:04.9856806Z #7 23.97 Unpacking librav1e0:amd64 (0.5.1-6) ...
2025-05-23T17:08:04.9857672Z #7 24.09 Selecting previously unselected package libsvtav1enc1:amd64.
2025-05-23T17:08:04.9858759Z #7 24.09 Preparing to unpack .../084-libsvtav1enc1_1.4.1+dfsg-1_amd64.deb ...
2025-05-23T17:08:05.1417075Z #7 24.09 Unpacking libsvtav1enc1:amd64 (1.4.1+dfsg-1) ...
2025-05-23T17:08:05.2360734Z #7 24.34 Selecting previously unselected package libjpeg62-turbo:amd64.
2025-05-23T17:08:05.3555682Z #7 24.34 Preparing to unpack .../085-libjpeg62-turbo_1%3a2.1.5-2_amd64.deb ...
2025-05-23T17:08:05.3556442Z #7 24.35 Unpacking libjpeg62-turbo:amd64 (1:2.1.5-2) ...
2025-05-23T17:08:05.3557070Z #7 24.40 Selecting previously unselected package libyuv0:amd64.
2025-05-23T17:08:05.3558098Z #7 24.40 Preparing to unpack .../086-libyuv0_0.0~git20230123.b2528b0-1_amd64.deb ...
2025-05-23T17:08:05.3559251Z #7 24.41 Unpacking libyuv0:amd64 (0.0~git20230123.b2528b0-1) ...
2025-05-23T17:08:05.4618196Z #7 24.46 Selecting previously unselected package libavif15:amd64.
2025-05-23T17:08:05.4618802Z #7 24.46 Preparing to unpack .../087-libavif15_0.11.1-1_amd64.deb ...
2025-05-23T17:08:05.4619306Z #7 24.46 Unpacking libavif15:amd64 (0.11.1-1) ...
2025-05-23T17:08:05.4619757Z #7 24.51 Selecting previously unselected package libbsd0:amd64.
2025-05-23T17:08:05.4620243Z #7 24.51 Preparing to unpack .../088-libbsd0_0.11.7-2_amd64.deb ...
2025-05-23T17:08:05.4620679Z #7 24.52 Unpacking libbsd0:amd64 (0.11.7-2) ...
2025-05-23T17:08:05.4621105Z #7 24.56 Selecting previously unselected package libexpat1:amd64.
2025-05-23T17:08:05.5827110Z #7 24.57 Preparing to unpack .../089-libexpat1_2.5.0-1+deb12u1_amd64.deb ...
2025-05-23T17:08:05.5827928Z #7 24.57 Unpacking libexpat1:amd64 (2.5.0-1+deb12u1) ...
2025-05-23T17:08:05.5828428Z #7 24.62 Selecting previously unselected package libpng16-16:amd64.
2025-05-23T17:08:05.5829006Z #7 24.62 Preparing to unpack .../090-libpng16-16_1.6.39-2_amd64.deb ...
2025-05-23T17:08:05.5829488Z #7 24.63 Unpacking libpng16-16:amd64 (1.6.39-2) ...
2025-05-23T17:08:05.5829952Z #7 24.69 Selecting previously unselected package libfreetype6:amd64.
2025-05-23T17:08:05.7256558Z #7 24.69 Preparing to unpack .../091-libfreetype6_2.12.1+dfsg-5+deb12u4_amd64.deb ...
2025-05-23T17:08:05.7257621Z #7 24.69 Unpacking libfreetype6:amd64 (2.12.1+dfsg-5+deb12u4) ...
2025-05-23T17:08:05.7258517Z #7 24.77 Selecting previously unselected package libfontconfig1:amd64.
2025-05-23T17:08:05.7259248Z #7 24.77 Preparing to unpack .../092-libfontconfig1_2.14.1-4_amd64.deb ...
2025-05-23T17:08:05.7259880Z #7 24.77 Unpacking libfontconfig1:amd64 (2.14.1-4) ...
2025-05-23T17:08:05.7260513Z #7 24.83 Selecting previously unselected package libde265-0:amd64.
2025-05-23T17:08:05.8315253Z #7 24.83 Preparing to unpack .../093-libde265-0_1.0.11-1+deb12u2_amd64.deb ...
2025-05-23T17:08:05.8315998Z #7 24.83 Unpacking libde265-0:amd64 (1.0.11-1+deb12u2) ...
2025-05-23T17:08:05.8316652Z #7 24.89 Selecting previously unselected package libnuma1:amd64.
2025-05-23T17:08:05.8317589Z #7 24.89 Preparing to unpack .../094-libnuma1_2.0.16-1_amd64.deb ...
2025-05-23T17:08:05.8318175Z #7 24.90 Unpacking libnuma1:amd64 (2.0.16-1) ...
2025-05-23T17:08:05.8318779Z #7 24.93 Selecting previously unselected package libx265-199:amd64.
2025-05-23T17:08:05.9870225Z #7 24.94 Preparing to unpack .../095-libx265-199_3.5-2+b1_amd64.deb ...
2025-05-23T17:08:05.9870875Z #7 24.94 Unpacking libx265-199:amd64 (3.5-2+b1) ...
2025-05-23T17:08:06.0840078Z #7 25.19 Selecting previously unselected package libheif1:amd64.
2025-05-23T17:08:06.2025023Z #7 25.19 Preparing to unpack .../096-libheif1_1.15.1-1+deb12u1_amd64.deb ...
2025-05-23T17:08:06.2025638Z #7 25.19 Unpacking libheif1:amd64 (1.15.1-1+deb12u1) ...
2025-05-23T17:08:06.2026175Z #7 25.26 Selecting previously unselected package libdeflate0:amd64.
2025-05-23T17:08:06.2026821Z #7 25.26 Preparing to unpack .../097-libdeflate0_1.14-1_amd64.deb ...
2025-05-23T17:08:06.2027624Z #7 25.26 Unpacking libdeflate0:amd64 (1.14-1) ...
2025-05-23T17:08:06.2028114Z #7 25.30 Selecting previously unselected package libjbig0:amd64.
2025-05-23T17:08:06.3082292Z #7 25.31 Preparing to unpack .../098-libjbig0_2.1-6.1_amd64.deb ...
2025-05-23T17:08:06.3083378Z #7 25.31 Unpacking libjbig0:amd64 (2.1-6.1) ...
2025-05-23T17:08:06.3083974Z #7 25.35 Selecting previously unselected package liblerc4:amd64.
2025-05-23T17:08:06.3084547Z #7 25.35 Preparing to unpack .../099-liblerc4_4.0.0+ds-2_amd64.deb ...
2025-05-23T17:08:06.3085031Z #7 25.36 Unpacking liblerc4:amd64 (4.0.0+ds-2) ...
2025-05-23T17:08:06.3085499Z #7 25.41 Selecting previously unselected package libwebp7:amd64.
2025-05-23T17:08:06.4358013Z #7 25.41 Preparing to unpack .../100-libwebp7_1.2.4-0.2+deb12u1_amd64.deb ...
2025-05-23T17:08:06.4358681Z #7 25.42 Unpacking libwebp7:amd64 (1.2.4-0.2+deb12u1) ...
2025-05-23T17:08:06.4359225Z #7 25.48 Selecting previously unselected package libtiff6:amd64.
2025-05-23T17:08:06.4360258Z #7 25.48 Preparing to unpack .../101-libtiff6_4.5.0-6+deb12u2_amd64.deb ...
2025-05-23T17:08:06.4360834Z #7 25.48 Unpacking libtiff6:amd64 (4.5.0-6+deb12u2) ...
2025-05-23T17:08:06.4361352Z #7 25.54 Selecting previously unselected package libxau6:amd64.
2025-05-23T17:08:06.5761021Z #7 25.54 Preparing to unpack .../102-libxau6_1%3a1.0.9-1_amd64.deb ...
2025-05-23T17:08:06.5761682Z #7 25.55 Unpacking libxau6:amd64 (1:1.0.9-1) ...
2025-05-23T17:08:06.5762281Z #7 25.58 Selecting previously unselected package libxdmcp6:amd64.
2025-05-23T17:08:06.5762990Z #7 25.59 Preparing to unpack .../103-libxdmcp6_1%3a1.1.2-3_amd64.deb ...
2025-05-23T17:08:06.5763589Z #7 25.59 Unpacking libxdmcp6:amd64 (1:1.1.2-3) ...
2025-05-23T17:08:06.5764159Z #7 25.63 Selecting previously unselected package libxcb1:amd64.
2025-05-23T17:08:06.5764797Z #7 25.63 Preparing to unpack .../104-libxcb1_1.15-1_amd64.deb ...
2025-05-23T17:08:06.5765344Z #7 25.64 Unpacking libxcb1:amd64 (1.15-1) ...
2025-05-23T17:08:06.5765930Z #7 25.68 Selecting previously unselected package libx11-data.
2025-05-23T17:08:06.5766632Z #7 25.68 Preparing to unpack .../105-libx11-data_2%3a1.8.4-2+deb12u2_all.deb ...
2025-05-23T17:08:06.7629473Z #7 25.68 Unpacking libx11-data (2:1.8.4-2+deb12u2) ...
2025-05-23T17:08:06.7630178Z #7 25.76 Selecting previously unselected package libx11-6:amd64.
2025-05-23T17:08:06.7630971Z #7 25.76 Preparing to unpack .../106-libx11-6_2%3a1.8.4-2+deb12u2_amd64.deb ...
2025-05-23T17:08:06.7631646Z #7 25.77 Unpacking libx11-6:amd64 (2:1.8.4-2+deb12u2) ...
2025-05-23T17:08:06.7632255Z #7 25.87 Selecting previously unselected package libxpm4:amd64.
2025-05-23T17:08:06.8639820Z #7 25.87 Preparing to unpack .../107-libxpm4_1%3a3.5.12-1.1+deb12u1_amd64.deb ...
2025-05-23T17:08:06.8640553Z #7 25.87 Unpacking libxpm4:amd64 (1:3.5.12-1.1+deb12u1) ...
2025-05-23T17:08:06.8641124Z #7 25.92 Selecting previously unselected package libgd3:amd64.
2025-05-23T17:08:06.8641736Z #7 25.92 Preparing to unpack .../108-libgd3_2.3.3-9_amd64.deb ...
2025-05-23T17:08:06.8642288Z #7 25.92 Unpacking libgd3:amd64 (2.3.3-9) ...
2025-05-23T17:08:06.8642809Z #7 25.97 Selecting previously unselected package libc-devtools.
2025-05-23T17:08:06.9989818Z #7 25.97 Preparing to unpack .../109-libc-devtools_2.36-9+deb12u10_amd64.deb ...
2025-05-23T17:08:06.9990653Z #7 25.97 Unpacking libc-devtools (2.36-9+deb12u10) ...
2025-05-23T17:08:06.9991292Z #7 26.01 Selecting previously unselected package libfile-fcntllock-perl.
2025-05-23T17:08:06.9992034Z #7 26.01 Preparing to unpack .../110-libfile-fcntllock-perl_0.22-4+b1_amd64.deb ...
2025-05-23T17:08:06.9992676Z #7 26.02 Unpacking libfile-fcntllock-perl (0.22-4+b1) ...
2025-05-23T17:08:06.9993237Z #7 26.05 Selecting previously unselected package libldap-common.
2025-05-23T17:08:06.9993884Z #7 26.05 Preparing to unpack .../111-libldap-common_2.5.13+dfsg-5_all.deb ...
2025-05-23T17:08:06.9994468Z #7 26.06 Unpacking libldap-common (2.5.13+dfsg-5) ...
2025-05-23T17:08:06.9995053Z #7 26.10 Selecting previously unselected package libsasl2-modules:amd64.
2025-05-23T17:08:07.2133810Z #7 26.10 Preparing to unpack .../112-libsasl2-modules_2.1.28+dfsg-10_amd64.deb ...
2025-05-23T17:08:07.2134593Z #7 26.11 Unpacking libsasl2-modules:amd64 (2.1.28+dfsg-10) ...
2025-05-23T17:08:07.2135715Z #7 26.16 Selecting previously unselected package manpages-dev.
2025-05-23T17:08:07.2136381Z #7 26.16 Preparing to unpack .../113-manpages-dev_6.03-2_all.deb ...
2025-05-23T17:08:07.2136962Z #7 26.16 Unpacking manpages-dev (6.03-2) ...
2025-05-23T17:08:07.3378095Z #7 26.44 Selecting previously unselected package publicsuffix.
2025-05-23T17:08:07.4522479Z #7 26.44 Preparing to unpack .../114-publicsuffix_20230209.2326-1_all.deb ...
2025-05-23T17:08:07.4523190Z #7 26.45 Unpacking publicsuffix (20230209.2326-1) ...
2025-05-23T17:08:07.4523672Z #7 26.51 Setting up libksba8:amd64 (1.6.3-2) ...
2025-05-23T17:08:07.4524187Z #7 26.52 Setting up libexpat1:amd64 (2.5.0-1+deb12u1) ...
2025-05-23T17:08:07.4524698Z #7 26.54 Setting up libaom3:amd64 (3.6.0-1+deb12u1) ...
2025-05-23T17:08:07.4525798Z #7 26.56 Setting up libabsl20220623:amd64 (20220623.1-1+deb12u2) ...
2025-05-23T17:08:07.5560312Z #7 26.57 Setting up libxau6:amd64 (1:1.0.9-1) ...
2025-05-23T17:08:07.5560892Z #7 26.59 Setting up libpsl5:amd64 (0.21.2-1) ...
2025-05-23T17:08:07.5561439Z #7 26.61 Setting up liblerc4:amd64 (4.0.0+ds-2) ...
2025-05-23T17:08:07.5561931Z #7 26.63 Setting up manpages (6.03-2) ...
2025-05-23T17:08:07.5562416Z #7 26.64 Setting up libbrotli1:amd64 (1.0.9-2+b6) ...
2025-05-23T17:08:07.5562978Z #7 26.66 Setting up libsasl2-modules:amd64 (2.1.28+dfsg-10) ...
2025-05-23T17:08:07.6693269Z #7 26.68 Setting up binutils-common:amd64 (2.40-2) ...
2025-05-23T17:08:07.6693803Z #7 26.71 Setting up libnghttp2-14:amd64 (1.52.0-1+deb12u2) ...
2025-05-23T17:08:07.6694277Z #7 26.72 Setting up libdeflate0:amd64 (1.14-1) ...
2025-05-23T17:08:07.6694724Z #7 26.74 Setting up linux-libc-dev:amd64 (6.1.137-1) ...
2025-05-23T17:08:07.6695176Z #7 26.76 Setting up libctf-nobfd0:amd64 (2.40-2) ...
2025-05-23T17:08:07.6695610Z #7 26.77 Setting up libnpth0:amd64 (1.6-3) ...
2025-05-23T17:08:07.7903768Z #7 26.79 Setting up libsvtav1enc1:amd64 (1.4.1+dfsg-1) ...
2025-05-23T17:08:07.7904344Z #7 26.81 Setting up libassuan0:amd64 (2.5.5-5) ...
2025-05-23T17:08:07.7904885Z #7 26.83 Setting up libgomp1:amd64 (12.2.0-14+deb12u1) ...
2025-05-23T17:08:07.7905385Z #7 26.85 Setting up bzip2 (1.0.8-5+b1) ...
2025-05-23T17:08:07.7905847Z #7 26.87 Setting up libldap-common (2.5.13+dfsg-5) ...
2025-05-23T17:08:07.7906321Z #7 26.89 Setting up libjbig0:amd64 (2.1-6.1) ...
2025-05-23T17:08:07.8910084Z #7 26.91 Setting up librav1e0:amd64 (0.5.1-6) ...
2025-05-23T17:08:07.8910772Z #7 26.93 Setting up libfakeroot:amd64 (1.31-1.2) ...
2025-05-23T17:08:07.8911309Z #7 26.95 Setting up libjansson4:amd64 (2.14-2) ...
2025-05-23T17:08:07.8912006Z #7 26.97 Setting up libsasl2-modules-db:amd64 (2.1.28+dfsg-10) ...
2025-05-23T17:08:07.8912684Z #7 26.99 Setting up fakeroot (1.31-1.2) ...
2025-05-23T17:08:07.9912989Z #7 27.02 update-alternatives: using /usr/bin/fakeroot-sysv to provide /usr/bin/fakeroot (fakeroot) in auto mode
2025-05-23T17:08:07.9914668Z #7 27.02 update-alternatives: warning: skip creation of /usr/share/man/man1/fakeroot.1.gz because associated file /usr/share/man/man1/fakeroot-sysv.1.gz (of link group fakeroot) doesn't exist
2025-05-23T17:08:07.9916433Z #7 27.02 update-alternatives: warning: skip creation of /usr/share/man/man1/faked.1.gz because associated file /usr/share/man/man1/faked-sysv.1.gz (of link group fakeroot) doesn't exist
2025-05-23T17:08:07.9918292Z #7 27.02 update-alternatives: warning: skip creation of /usr/share/man/es/man1/fakeroot.1.gz because associated file /usr/share/man/es/man1/fakeroot-sysv.1.gz (of link group fakeroot) doesn't exist
2025-05-23T17:08:07.9919924Z #7 27.02 update-alternatives: warning: skip creation of /usr/share/man/es/man1/faked.1.gz because associated file /usr/share/man/es/man1/faked-sysv.1.gz (of link group fakeroot) doesn't exist
2025-05-23T17:08:07.9921534Z #7 27.02 update-alternatives: warning: skip creation of /usr/share/man/fr/man1/fakeroot.1.gz because associated file /usr/share/man/fr/man1/fakeroot-sysv.1.gz (of link group fakeroot) doesn't exist
2025-05-23T17:08:07.9923144Z #7 27.02 update-alternatives: warning: skip creation of /usr/share/man/fr/man1/faked.1.gz because associated file /usr/share/man/fr/man1/faked-sysv.1.gz (of link group fakeroot) doesn't exist
2025-05-23T17:08:07.9925082Z #7 27.02 update-alternatives: warning: skip creation of /usr/share/man/sv/man1/fakeroot.1.gz because associated file /usr/share/man/sv/man1/fakeroot-sysv.1.gz (of link group fakeroot) doesn't exist
2025-05-23T17:08:07.9926494Z #7 27.02 update-alternatives: warning: skip creation of /usr/share/man/sv/man1/faked.1.gz because associated file /usr/share/man/sv/man1/faked-sysv.1.gz (of link group fakeroot) doesn't exist
2025-05-23T17:08:07.9927366Z #7 27.04 Setting up perl-modules-5.36 (5.36.0-7+deb12u2) ...
2025-05-23T17:08:07.9927731Z #7 27.06 Setting up libtirpc-dev:amd64 (1.3.3+ds-1) ...
2025-05-23T17:08:07.9928181Z #7 27.08 Setting up rpcsvc-proto (1.4.3-1) ...
2025-05-23T17:08:07.9928504Z #7 27.09 Setting up libjpeg62-turbo:amd64 (1:2.1.5-2) ...
2025-05-23T17:08:08.1031991Z #7 27.11 Setting up libx11-data (2:1.8.4-2+deb12u2) ...
2025-05-23T17:08:08.1032602Z #7 27.13 Setting up make (4.3-4.1) ...
2025-05-23T17:08:08.1033091Z #7 27.15 Setting up libmpfr6:amd64 (4.2.0-1) ...
2025-05-23T17:08:08.1033601Z #7 27.17 Setting up gnupg-l10n (2.2.40-1.1) ...
2025-05-23T17:08:08.1034211Z #7 27.19 Setting up librtmp1:amd64 (2.4+20151223.gitfa8646d.1-2+b2) ...
2025-05-23T17:08:08.1034787Z #7 27.21 Setting up xz-utils (5.4.1-1) ...
2025-05-23T17:08:08.2116060Z #7 27.22 update-alternatives: using /usr/bin/xz to provide /usr/bin/lzma (lzma) in auto mode
2025-05-23T17:08:08.2117583Z #7 27.22 update-alternatives: warning: skip creation of /usr/share/man/man1/lzma.1.gz because associated file /usr/share/man/man1/xz.1.gz (of link group lzma) doesn't exist
2025-05-23T17:08:08.2119277Z #7 27.22 update-alternatives: warning: skip creation of /usr/share/man/man1/unlzma.1.gz because associated file /usr/share/man/man1/unxz.1.gz (of link group lzma) doesn't exist
2025-05-23T17:08:08.2120784Z #7 27.22 update-alternatives: warning: skip creation of /usr/share/man/man1/lzcat.1.gz because associated file /usr/share/man/man1/xzcat.1.gz (of link group lzma) doesn't exist
2025-05-23T17:08:08.2122235Z #7 27.22 update-alternatives: warning: skip creation of /usr/share/man/man1/lzmore.1.gz because associated file /usr/share/man/man1/xzmore.1.gz (of link group lzma) doesn't exist
2025-05-23T17:08:08.2123699Z #7 27.22 update-alternatives: warning: skip creation of /usr/share/man/man1/lzless.1.gz because associated file /usr/share/man/man1/xzless.1.gz (of link group lzma) doesn't exist
2025-05-23T17:08:08.2125155Z #7 27.22 update-alternatives: warning: skip creation of /usr/share/man/man1/lzdiff.1.gz because associated file /usr/share/man/man1/xzdiff.1.gz (of link group lzma) doesn't exist
2025-05-23T17:08:08.2126613Z #7 27.23 update-alternatives: warning: skip creation of /usr/share/man/man1/lzcmp.1.gz because associated file /usr/share/man/man1/xzcmp.1.gz (of link group lzma) doesn't exist
2025-05-23T17:08:08.2128214Z #7 27.23 update-alternatives: warning: skip creation of /usr/share/man/man1/lzgrep.1.gz because associated file /usr/share/man/man1/xzgrep.1.gz (of link group lzma) doesn't exist
2025-05-23T17:08:08.2129695Z #7 27.23 update-alternatives: warning: skip creation of /usr/share/man/man1/lzegrep.1.gz because associated file /usr/share/man/man1/xzegrep.1.gz (of link group lzma) doesn't exist
2025-05-23T17:08:08.2130932Z #7 27.23 update-alternatives: warning: skip creation of /usr/share/man/man1/lzfgrep.1.gz because associated file /usr/share/man/man1/xzfgrep.1.gz (of link group lzma) doesn't exist
2025-05-23T17:08:08.2131676Z #7 27.24 Setting up libquadmath0:amd64 (12.2.0-14+deb12u1) ...
2025-05-23T17:08:08.2132021Z #7 27.26 Setting up libpng16-16:amd64 (1.6.39-2) ...
2025-05-23T17:08:08.2132339Z #7 27.28 Setting up libmpc3:amd64 (1.3.1-1) ...
2025-05-23T17:08:08.2132664Z #7 27.29 Setting up libatomic1:amd64 (12.2.0-14+deb12u1) ...
2025-05-23T17:08:08.2132975Z #7 27.31 Setting up patch (2.7.6-7) ...
2025-05-23T17:08:08.3188183Z #7 27.33 Setting up fonts-dejavu-core (2.37-6) ...
2025-05-23T17:08:08.3189366Z #7 27.42 Setting up libgdbm-compat4:amd64 (1.23-3) ...
2025-05-23T17:08:08.4275913Z #7 27.44 Setting up libgav1-1:amd64 (0.18.0-1+b1) ...
2025-05-23T17:08:08.4276548Z #7 27.46 Setting up libdav1d6:amd64 (1.0.0-2+deb12u1) ...
2025-05-23T17:08:08.4277110Z #7 27.48 Setting up libsasl2-2:amd64 (2.1.28+dfsg-10) ...
2025-05-23T17:08:08.4277913Z #7 27.50 Setting up libwebp7:amd64 (1.2.4-0.2+deb12u1) ...
2025-05-23T17:08:08.4278475Z #7 27.51 Setting up libubsan1:amd64 (12.2.0-14+deb12u1) ...
2025-05-23T17:08:08.4279003Z #7 27.53 Setting up libnuma1:amd64 (2.0.16-1) ...
2025-05-23T17:08:08.5373660Z #7 27.55 Setting up libnsl-dev:amd64 (1.3.0-2) ...
2025-05-23T17:08:08.5374274Z #7 27.57 Setting up libcrypt-dev:amd64 (1:4.4.33-2) ...
2025-05-23T17:08:08.5375257Z #7 27.59 Setting up libtiff6:amd64 (4.5.0-6+deb12u2) ...
2025-05-23T17:08:08.5375854Z #7 27.61 Setting up libasan8:amd64 (12.2.0-14+deb12u1) ...
2025-05-23T17:08:08.5376270Z #7 27.62 Setting up gpgconf (2.2.40-1.1) ...
2025-05-23T17:08:08.5376682Z #7 27.64 Setting up libssh2-1:amd64 (1.10.0-3+b1) ...
2025-05-23T17:08:08.6501089Z #7 27.66 Setting up libtsan2:amd64 (12.2.0-14+deb12u1) ...
2025-05-23T17:08:08.6501597Z #7 27.68 Setting up libbinutils:amd64 (2.40-2) ...
2025-05-23T17:08:08.6502038Z #7 27.69 Setting up libisl23:amd64 (0.25-1.1) ...
2025-05-23T17:08:08.6502479Z #7 27.71 Setting up libde265-0:amd64 (1.0.11-1+deb12u2) ...
2025-05-23T17:08:08.6502935Z #7 27.73 Setting up libc-dev-bin (2.36-9+deb12u10) ...
2025-05-23T17:08:08.6503348Z #7 27.75 Setting up libbsd0:amd64 (0.11.7-2) ...
2025-05-23T17:08:08.7567974Z #7 27.77 Setting up libyuv0:amd64 (0.0~git20230123.b2528b0-1) ...
2025-05-23T17:08:08.7568672Z #7 27.79 Setting up publicsuffix (20230209.2326-1) ...
2025-05-23T17:08:08.7569275Z #7 27.81 Setting up libcc1-0:amd64 (12.2.0-14+deb12u1) ...
2025-05-23T17:08:08.7569839Z #7 27.83 Setting up libperl5.36:amd64 (5.36.0-7+deb12u2) ...
2025-05-23T17:08:08.7570354Z #7 27.84 Setting up liblocale-gettext-perl (1.07-5) ...
2025-05-23T17:08:08.7570803Z #7 27.86 Setting up gpg (2.2.40-1.1) ...
2025-05-23T17:08:08.8728736Z #7 27.88 Setting up liblsan0:amd64 (12.2.0-14+deb12u1) ...
2025-05-23T17:08:08.8729426Z #7 27.90 Setting up libitm1:amd64 (12.2.0-14+deb12u1) ...
2025-05-23T17:08:08.8730006Z #7 27.91 Setting up gnupg-utils (2.2.40-1.1) ...
2025-05-23T17:08:08.8730588Z #7 27.93 Setting up libctf0:amd64 (2.40-2) ...
2025-05-23T17:08:08.8731145Z #7 27.95 Setting up pinentry-curses (1.2.1-1) ...
2025-05-23T17:08:08.8731726Z #7 27.98 Setting up manpages-dev (6.03-2) ...
2025-05-23T17:08:09.0978482Z #7 27.99 Setting up libxdmcp6:amd64 (1:1.1.2-3) ...
2025-05-23T17:08:09.0979075Z #7 28.01 Setting up cpp-12 (12.2.0-14+deb12u1) ...
2025-05-23T17:08:09.0979601Z #7 28.03 Setting up libxcb1:amd64 (1.15-1) ...
2025-05-23T17:08:09.0980116Z #7 28.05 Setting up gpg-agent (2.2.40-1.1) ...
2025-05-23T17:08:09.7184695Z #7 28.65 Setting up libavif15:amd64 (0.11.1-1) ...
2025-05-23T17:08:09.7185202Z #7 28.67 Setting up fontconfig-config (2.14.1-4) ...
2025-05-23T17:08:09.7354320Z #7 28.84 debconf: unable to initialize frontend: Dialog
2025-05-23T17:08:09.7355013Z #7 28.84 debconf: (TERM is not set, so the dialog frontend is not usable.)
2025-05-23T17:08:09.7355663Z #7 28.84 debconf: falling back to frontend: Readline
2025-05-23T17:08:09.8957534Z #7 28.85 debconf: unable to initialize frontend: Readline
2025-05-23T17:08:09.8958229Z #7 28.85 debconf: (This frontend requires a controlling tty.)
2025-05-23T17:08:09.8958844Z #7 28.85 debconf: falling back to frontend: Teletype
2025-05-23T17:08:09.9120835Z #7 29.02 Setting up gpgsm (2.2.40-1.1) ...
2025-05-23T17:08:10.0978502Z #7 29.03 Setting up libldap-2.5-0:amd64 (2.5.13+dfsg-5) ...
2025-05-23T17:08:10.0979073Z #7 29.05 Setting up dirmngr (2.2.40-1.1) ...
2025-05-23T17:08:10.1068361Z #7 29.21 Setting up perl (5.36.0-7+deb12u2) ...
2025-05-23T17:08:10.2049870Z #7 29.24 Setting up libgprofng0:amd64 (2.40-2) ...
2025-05-23T17:08:10.2050466Z #7 29.26 Setting up libfreetype6:amd64 (2.12.1+dfsg-5+deb12u4) ...
2025-05-23T17:08:10.2051474Z #7 29.27 Setting up libgcc-12-dev:amd64 (12.2.0-14+deb12u1) ...
2025-05-23T17:08:10.2051982Z #7 29.29 Setting up libdpkg-perl (1.21.22) ...
2025-05-23T17:08:10.2052422Z #7 29.31 Setting up libx265-199:amd64 (3.5-2+b1) ...
2025-05-23T17:08:10.3165206Z #7 29.33 Setting up gpg-wks-server (2.2.40-1.1) ...
2025-05-23T17:08:10.3165790Z #7 29.34 Setting up cpp (4:12.2.0-3) ...
2025-05-23T17:08:10.3166311Z #7 29.37 Setting up libcurl4:amd64 (7.88.1-10+deb12u12) ...
2025-05-23T17:08:10.3166886Z #7 29.38 Setting up libc6-dev:amd64 (2.36-9+deb12u10) ...
2025-05-23T17:08:10.3167787Z #7 29.40 Setting up libx11-6:amd64 (2:1.8.4-2+deb12u2) ...
2025-05-23T17:08:10.3168336Z #7 29.42 Setting up curl (7.88.1-10+deb12u12) ...
2025-05-23T17:08:10.4254418Z #7 29.44 Setting up libfontconfig1:amd64 (2.14.1-4) ...
2025-05-23T17:08:10.4255074Z #7 29.46 Setting up binutils-x86-64-linux-gnu (2.40-2) ...
2025-05-23T17:08:10.4255671Z #7 29.47 Setting up libxpm4:amd64 (1:3.5.12-1.1+deb12u1) ...
2025-05-23T17:08:10.4256220Z #7 29.49 Setting up gpg-wks-client (2.2.40-1.1) ...
2025-05-23T17:08:10.4256796Z #7 29.51 Setting up libstdc++-12-dev:amd64 (12.2.0-14+deb12u1) ...
2025-05-23T17:08:10.4257690Z #7 29.53 Setting up libfile-fcntllock-perl (0.22-4+b1) ...
2025-05-23T17:08:10.5400234Z #7 29.55 Setting up libalgorithm-diff-perl (1.201-1) ...
2025-05-23T17:08:10.5400929Z #7 29.56 Setting up libheif1:amd64 (1.15.1-1+deb12u1) ...
2025-05-23T17:08:10.5401527Z #7 29.58 Setting up binutils (2.40-2) ...
2025-05-23T17:08:10.5402045Z #7 29.60 Setting up dpkg-dev (1.21.22) ...
2025-05-23T17:08:10.5402572Z #7 29.63 Setting up gcc-12 (12.2.0-14+deb12u1) ...
2025-05-23T17:08:10.5403111Z #7 29.64 Setting up libgd3:amd64 (2.3.3-9) ...
2025-05-23T17:08:10.6407793Z #7 29.66 Setting up gnupg (2.2.40-1.1) ...
2025-05-23T17:08:10.6408487Z #7 29.68 Setting up libalgorithm-diff-xs-perl:amd64 (0.04-8+b1) ...
2025-05-23T17:08:10.6409140Z #7 29.69 Setting up libc-devtools (2.36-9+deb12u10) ...
2025-05-23T17:08:10.6409705Z #7 29.71 Setting up libalgorithm-merge-perl (0.08-5) ...
2025-05-23T17:08:10.6410260Z #7 29.73 Setting up g++-12 (12.2.0-14+deb12u1) ...
2025-05-23T17:08:10.6410738Z #7 29.74 Setting up gcc (4:12.2.0-3) ...
2025-05-23T17:08:10.8761450Z #7 29.78 Setting up g++ (4:12.2.0-3) ...
2025-05-23T17:08:10.8762223Z #7 29.80 update-alternatives: using /usr/bin/g++ to provide /usr/bin/c++ (c++) in auto mode
2025-05-23T17:08:10.8762973Z #7 29.81 Setting up build-essential (12.9) ...
2025-05-23T17:08:10.8763547Z #7 29.83 Processing triggers for libc-bin (2.36-9+deb12u10) ...
2025-05-23T17:08:10.9806474Z #7 DONE 30.1s
2025-05-23T17:08:11.1550590Z 
2025-05-23T17:08:11.1551406Z #9 [app builder 4/7] RUN curl -sSL https://install.python-poetry.org | python3 -     && ln -s /root/.local/bin/poetry /usr/local/bin/poetry
2025-05-23T17:08:26.2738096Z #9 15.28 Retrieving Poetry metadata
2025-05-23T17:08:26.2738751Z #9 15.28 
2025-05-23T17:08:26.2739102Z #9 15.28 # Welcome to Poetry!
2025-05-23T17:08:26.2739383Z #9 15.28 
2025-05-23T17:08:26.2739717Z #9 15.28 This will download and install the latest version of Poetry,
2025-05-23T17:08:26.2740221Z #9 15.28 a dependency and package manager for Python.
2025-05-23T17:08:26.2740573Z #9 15.28 
2025-05-23T17:08:26.2740928Z #9 15.28 It will add the `poetry` command to Poetry's bin directory, located at:
2025-05-23T17:08:26.2741359Z #9 15.28 
2025-05-23T17:08:26.2741587Z #9 15.28 /root/.local/bin
2025-05-23T17:08:26.2741845Z #9 15.28 
2025-05-23T17:08:26.2742244Z #9 15.28 You can uninstall at any time by executing this script with the --uninstall option,
2025-05-23T17:08:26.2742752Z #9 15.28 and these changes will be reverted.
2025-05-23T17:08:26.2743066Z #9 15.28 
2025-05-23T17:08:26.2743307Z #9 15.28 Installing Poetry (2.1.3)
2025-05-23T17:08:26.2743668Z #9 15.28 Installing Poetry (2.1.3): Creating environment
2025-05-23T17:08:26.2744077Z #9 15.28 Installing Poetry (2.1.3): Installing Poetry
2025-05-23T17:08:26.2744468Z #9 15.28 Installing Poetry (2.1.3): Creating script
2025-05-23T17:08:26.2744825Z #9 15.28 Installing Poetry (2.1.3): Done
2025-05-23T17:08:26.2745516Z #9 15.28 
2025-05-23T17:08:26.2745775Z #9 15.28 Poetry (2.1.3) is installed now. Great!
2025-05-23T17:08:26.2746097Z #9 15.28 
2025-05-23T17:08:26.2746479Z #9 15.28 To get started you need Poetry's bin directory (/root/.local/bin) in your `PATH`
2025-05-23T17:08:26.2746966Z #9 15.28 environment variable.
2025-05-23T17:08:26.2747449Z #9 15.28 
2025-05-23T17:08:26.2747838Z #9 15.28 Add `export PATH="/root/.local/bin:$PATH"` to your shell configuration file.
2025-05-23T17:08:26.2748289Z #9 15.28 
2025-05-23T17:08:26.2748672Z #9 15.28 Alternatively, you can call Poetry explicitly with `/root/.local/bin/poetry`.
2025-05-23T17:08:26.2749131Z #9 15.28 
2025-05-23T17:08:26.2749430Z #9 15.28 You can test that everything is set up by executing:
2025-05-23T17:08:26.2749907Z #9 15.28 
2025-05-23T17:08:26.2750110Z #9 15.28 `poetry --version`
2025-05-23T17:08:26.2750339Z #9 15.28 
2025-05-23T17:08:26.4098096Z #9 DONE 15.4s
2025-05-23T17:08:26.5238704Z 
2025-05-23T17:08:26.5239295Z #10 [app builder 5/7] COPY pyproject.toml poetry.lock ./
2025-05-23T17:08:26.5239841Z #10 DONE 0.1s
2025-05-23T17:08:26.5240002Z 
2025-05-23T17:08:26.5240139Z #11 [app builder 6/7] COPY README.md ./
2025-05-23T17:08:26.5240491Z #11 DONE 0.0s
2025-05-23T17:08:26.6756168Z 
2025-05-23T17:08:26.6757656Z #12 [app builder 7/7] RUN poetry config virtualenvs.create false     && poetry install --only=main --no-root --no-interaction --no-ansi
2025-05-23T17:08:28.0101070Z #12 1.486 Skipping virtualenv creation, as specified in config file.
2025-05-23T17:08:28.2504242Z #12 1.725 Installing dependencies from lock file
2025-05-23T17:08:28.4466661Z #12 1.922 
2025-05-23T17:08:28.6041722Z #12 1.923 Package operations: 24 installs, 0 updates, 0 removals
2025-05-23T17:08:28.6042323Z #12 1.923 
2025-05-23T17:08:28.6042674Z #12 1.923   - Installing idna (3.10)
2025-05-23T17:08:28.6043183Z #12 1.926   - Installing sniffio (1.3.1)
2025-05-23T17:08:28.6043594Z #12 1.927   - Installing typing-extensions (4.13.2)
2025-05-23T17:08:28.6044025Z #12 2.000   - Installing annotated-types (0.7.0)
2025-05-23T17:08:28.6044432Z #12 2.003   - Installing anyio (4.9.0)
2025-05-23T17:08:28.6044793Z #12 2.003   - Installing certifi (2025.4.26)
2025-05-23T17:08:28.6045152Z #12 2.006   - Installing h11 (0.16.0)
2025-05-23T17:08:28.6045524Z #12 2.007   - Installing pydantic-core (2.33.2)
2025-05-23T17:08:28.6045942Z #12 2.079   - Installing typing-inspection (0.4.1)
2025-05-23T17:08:28.7326962Z #12 2.091   - Installing wrapt (1.17.2)
2025-05-23T17:08:28.7327791Z #12 2.206   - Installing async-timeout (5.0.1)
2025-05-23T17:08:28.8909504Z #12 2.209   - Installing click (8.2.1)
2025-05-23T17:08:28.8910029Z #12 2.210   - Installing deprecated (1.2.18)
2025-05-23T17:08:28.8910493Z #12 2.211   - Installing httpcore (1.0.9)
2025-05-23T17:08:28.8910952Z #12 2.212   - Installing packaging (25.0)
2025-05-23T17:08:28.8911380Z #12 2.240   - Installing pydantic (2.11.5)
2025-05-23T17:08:28.8911796Z #12 2.248   - Installing pympler (1.1)
2025-05-23T17:08:28.8912217Z #12 2.278   - Installing starlette (0.46.2)
2025-05-23T17:08:28.8912659Z #12 2.366   - Installing coredis (4.22.0)
2025-05-23T17:08:29.0936394Z #12 2.368   - Installing fastapi (0.115.12)
2025-05-23T17:08:29.0936915Z #12 2.369   - Installing httpx (0.28.1)
2025-05-23T17:08:29.0937586Z #12 2.369   - Installing limits (5.2.0)
2025-05-23T17:08:29.0937998Z #12 2.370   - Installing redis (6.1.0)
2025-05-23T17:08:29.0938392Z #12 2.418   - Installing uvicorn (0.34.2)
2025-05-23T17:08:29.2490727Z #12 DONE 2.7s
2025-05-23T17:08:30.4733871Z 
2025-05-23T17:08:30.4735056Z #13 [app production 4/7] COPY --from=builder /usr/local/lib/python3.11/site-packages /usr/local/lib/python3.11/site-packages
2025-05-23T17:08:31.2248150Z #13 DONE 0.8s
2025-05-23T17:08:31.3247662Z 
2025-05-23T17:08:31.3248632Z #14 [app production 5/7] COPY --from=builder /usr/local/bin /usr/local/bin
2025-05-23T17:08:31.3249362Z #14 DONE 0.1s
2025-05-23T17:08:31.3249549Z 
2025-05-23T17:08:31.3249721Z #15 [app production 6/7] COPY src/ ./src/
2025-05-23T17:08:31.3250579Z #15 DONE 0.0s
2025-05-23T17:08:31.4771512Z 
2025-05-23T17:08:31.4772474Z #16 [app production 7/7] RUN groupadd -r appuser && useradd -r -g appuser appuser     && chown -R appuser:appuser /app
2025-05-23T17:08:31.7478756Z #16 DONE 0.4s
2025-05-23T17:08:31.9082541Z 
2025-05-23T17:08:31.9083120Z #17 [app] exporting to image
2025-05-23T17:08:31.9083783Z #17 exporting layers
2025-05-23T17:08:32.4350745Z #17 exporting layers 0.7s done
2025-05-23T17:08:32.4351609Z #17 writing image sha256:0e2cb41686011a780c9a0e2c8f636edb40393821aa8ac31ee0e84048750eea4c
2025-05-23T17:08:32.6236047Z #17 writing image sha256:0e2cb41686011a780c9a0e2c8f636edb40393821aa8ac31ee0e84048750eea4c done
2025-05-23T17:08:32.6236937Z #17 naming to docker.io/library/ratelimiter-app 0.0s done
2025-05-23T17:08:32.6238085Z #17 DONE 0.7s
2025-05-23T17:08:32.6238279Z 
2025-05-23T17:08:32.6238473Z #18 [app] resolving provenance for metadata file
2025-05-23T17:08:32.6690711Z #18 DONE 0.0s
2025-05-23T17:08:32.6719398Z  app  Built
2025-05-23T17:08:32.9499376Z time="2025-05-23T17:08:32Z" level=warning msg="***/docker-compose.prod-nginx.yml: the attribute `version` is obsolete, it will be ignored, please remove it to avoid potential confusion"
2025-05-23T17:08:32.9697912Z  Network ratelimiter_default  Creating
2025-05-23T17:08:33.0470691Z  Network ratelimiter_default  Created
2025-05-23T17:08:33.0506552Z  Container ratelimiter-redis-1  Creating
2025-05-23T17:08:33.1323377Z  Container ratelimiter-redis-1  Created
2025-05-23T17:08:33.1324132Z  Container ratelimiter-app-1  Creating
2025-05-23T17:08:33.1866163Z  Container ratelimiter-app-1  Created
2025-05-23T17:08:33.1866879Z  Container ratelimiter-nginx-1  Creating
2025-05-23T17:08:33.2521115Z  Container ratelimiter-nginx-1  Created
2025-05-23T17:08:33.2550701Z  Container ratelimiter-redis-1  Starting
2025-05-23T17:08:33.5080294Z  Container ratelimiter-redis-1  Started
2025-05-23T17:08:33.5081115Z  Container ratelimiter-redis-1  Waiting
2025-05-23T17:08:44.0096237Z  Container ratelimiter-redis-1  Healthy
2025-05-23T17:08:44.0096847Z  Container ratelimiter-app-1  Starting
2025-05-23T17:08:44.2379651Z  Container ratelimiter-app-1  Started
2025-05-23T17:08:44.2380177Z  Container ratelimiter-app-1  Waiting
2025-05-23T17:08:49.7413311Z  Container ratelimiter-app-1  Healthy
2025-05-23T17:08:49.7414062Z  Container ratelimiter-nginx-1  Starting
2025-05-23T17:08:50.0467956Z  Container ratelimiter-nginx-1  Started
2025-05-23T17:09:35.0582704Z Health check attempt 1...
2025-05-23T17:09:35.1485838Z ✅ Health check passed!
2025-05-23T17:09:35.1631844Z {"status":"healthy","redis":"connected"}
2025-05-23T17:09:35.1632166Z 
2025-05-23T17:09:35.1632530Z ✅ Deployment completed successfully!
2025-05-23T17:09:35.1632957Z 🎉 Application is running successfully!
2025-05-23T17:09:35.1676005Z ##[error]Process completed with exit code 1.
2025-05-23T17:09:35.1722564Z ##[group]Run # Remove the temporary SSH rule for this runner
2025-05-23T17:09:35.1723035Z [36;1m# Remove the temporary SSH rule for this runner[0m
2025-05-23T17:09:35.1723404Z [36;1mRUNNER_IP="135.119.66.156"[0m
2025-05-23T17:09:35.1723679Z [36;1m[0m
2025-05-23T17:09:35.1723924Z [36;1mif [ ! -z "$RUNNER_IP" ]; then[0m
2025-05-23T17:09:35.1724273Z [36;1m  aws ec2 revoke-security-group-ingress \[0m
2025-05-23T17:09:35.1724682Z [36;1m    --group-id *** \[0m
2025-05-23T17:09:35.1724967Z [36;1m    --protocol tcp \[0m
2025-05-23T17:09:35.1725243Z [36;1m    --port 22 \[0m
2025-05-23T17:09:35.1725589Z [36;1m    --cidr ${RUNNER_IP}/32 || echo "Rule may have been already removed"[0m
2025-05-23T17:09:35.1725954Z [36;1m  [0m
2025-05-23T17:09:35.1726283Z [36;1m  echo "🧹 Removed temporary SSH access for IP: ${RUNNER_IP}/32"[0m
2025-05-23T17:09:35.1726645Z [36;1mfi[0m
2025-05-23T17:09:35.1777464Z shell: /usr/bin/bash -e {0}
2025-05-23T17:09:35.1777742Z env:
2025-05-23T17:09:35.1778010Z   PYTHON_VERSION: 3.11
2025-05-23T17:09:35.1778264Z   POETRY_VERSION: 1.8.0
2025-05-23T17:09:35.1778574Z   AWS_DEFAULT_REGION: ***
2025-05-23T17:09:35.1778848Z   AWS_REGION: ***
2025-05-23T17:09:35.1779327Z   AWS_ACCESS_KEY_ID: ***
2025-05-23T17:09:35.1779685Z   AWS_SECRET_ACCESS_KEY: ***
2025-05-23T17:09:35.1779944Z ##[endgroup]
2025-05-23T17:09:36.5394432Z {
2025-05-23T17:09:36.5394882Z     "Return": true,
2025-05-23T17:09:36.5395313Z     "RevokedSecurityGroupRules": [
2025-05-23T17:09:36.5395777Z         {
2025-05-23T17:09:36.5396160Z             "SecurityGroupRuleId": "sgr-04cec3053bec89e45",
2025-05-23T17:09:36.5397045Z             "GroupId": "***",
2025-05-23T17:09:36.5397716Z             "IsEgress": false,
2025-05-23T17:09:36.5398131Z             "IpProtocol": "tcp",
2025-05-23T17:09:36.5398523Z             "FromPort": 22,
2025-05-23T17:09:36.5398881Z             "ToPort": 22,
2025-05-23T17:09:36.5399254Z             "CidrIpv4": "135.119.66.156/32"
2025-05-23T17:09:36.5399696Z         }
2025-05-23T17:09:36.5399984Z     ]
2025-05-23T17:09:36.5400251Z }
2025-05-23T17:09:36.6808158Z 🧹 Removed temporary SSH access for IP: 135.119.66.156/32
2025-05-23T17:09:36.6835931Z ##[group]Run if [ failure == 'success' ]; then
2025-05-23T17:09:36.6836311Z [36;1mif [ failure == 'success' ]; then[0m
2025-05-23T17:09:36.6836658Z [36;1m  echo "✅ Deployment to EC2 completed successfully"[0m
2025-05-23T17:09:36.6836973Z [36;1melse[0m
2025-05-23T17:09:36.6837498Z [36;1m  echo "❌ Deployment to EC2 failed"[0m
2025-05-23T17:09:36.6837841Z [36;1mfi [0m
2025-05-23T17:09:36.6887829Z shell: /usr/bin/bash -e {0}
2025-05-23T17:09:36.6888076Z env:
2025-05-23T17:09:36.6888277Z   PYTHON_VERSION: 3.11
2025-05-23T17:09:36.6888508Z   POETRY_VERSION: 1.8.0
2025-05-23T17:09:36.6888816Z   AWS_DEFAULT_REGION: ***
2025-05-23T17:09:36.6889073Z   AWS_REGION: ***
2025-05-23T17:09:36.6889313Z   AWS_ACCESS_KEY_ID: ***
2025-05-23T17:09:36.6889638Z   AWS_SECRET_ACCESS_KEY: ***
2025-05-23T17:09:36.6889870Z ##[endgroup]
2025-05-23T17:09:36.6955261Z ❌ Deployment to EC2 failed
2025-05-23T17:09:36.7027871Z Post job cleanup.
2025-05-23T17:09:36.8248258Z Post job cleanup.
2025-05-23T17:09:36.9223722Z [command]/usr/bin/git version
2025-05-23T17:09:36.9260623Z git version 2.49.0
2025-05-23T17:09:36.9304796Z Temporarily overriding HOME='/home/runner/work/_temp/9edd0894-23f3-49da-961e-188196d71d28' before making global git config changes
2025-05-23T17:09:36.9306154Z Adding repository directory to the temporary git global config as a safe directory
2025-05-23T17:09:36.9311507Z [command]/usr/bin/git config --global --add safe.directory /home/runner/work/ratelimiter/ratelimiter
2025-05-23T17:09:36.9354949Z [command]/usr/bin/git config --local --name-only --get-regexp core\.sshCommand
2025-05-23T17:09:36.9387656Z [command]/usr/bin/git submodule foreach --recursive sh -c "git config --local --name-only --get-regexp 'core\.sshCommand' && git config --local --unset-all 'core.sshCommand' || :"
2025-05-23T17:09:36.9623333Z [command]/usr/bin/git config --local --name-only --get-regexp http\.https\:\/\/github\.com\/\.extraheader
2025-05-23T17:09:36.9646531Z http.https://github.com/.extraheader
2025-05-23T17:09:36.9659935Z [command]/usr/bin/git config --local --unset-all http.https://github.com/.extraheader
2025-05-23T17:09:36.9692836Z [command]/usr/bin/git submodule foreach --recursive sh -c "git config --local --name-only --get-regexp 'http\.https\:\/\/github\.com\/\.extraheader' && git config --local --unset-all 'http.https://github.com/.extraheader' || :"
2025-05-23T17:09:37.0032726Z Cleaning up orphan processes
